Component: ARM Compiler 5.06 update 5 (build 528) Tool: armlink [4d35e2]

==============================================================================

Section Cross References

    startup_stm32f103xe.o(STACK) refers (Special) to heapauxi.o(.text) for __use_two_region_memory
    startup_stm32f103xe.o(HEAP) refers (Special) to heapauxi.o(.text) for __use_two_region_memory
    startup_stm32f103xe.o(RESET) refers (Special) to heapauxi.o(.text) for __use_two_region_memory
    startup_stm32f103xe.o(RESET) refers to startup_stm32f103xe.o(STACK) for __initial_sp
    startup_stm32f103xe.o(RESET) refers to startup_stm32f103xe.o(.text) for Reset_Handler
    startup_stm32f103xe.o(RESET) refers to stm32f1xx_it.o(i.NMI_Handler) for NMI_Handler
    startup_stm32f103xe.o(RESET) refers to stm32f1xx_it.o(i.HardFault_Handler) for HardFault_Handler
    startup_stm32f103xe.o(RESET) refers to stm32f1xx_it.o(i.MemManage_Handler) for MemManage_Handler
    startup_stm32f103xe.o(RESET) refers to stm32f1xx_it.o(i.BusFault_Handler) for BusFault_Handler
    startup_stm32f103xe.o(RESET) refers to stm32f1xx_it.o(i.UsageFault_Handler) for UsageFault_Handler
    startup_stm32f103xe.o(RESET) refers to port.o(.emb_text) for SVC_Handler
    startup_stm32f103xe.o(RESET) refers to stm32f1xx_it.o(i.DebugMon_Handler) for DebugMon_Handler
    startup_stm32f103xe.o(RESET) refers to port.o(i.SysTick_Handler) for SysTick_Handler
    startup_stm32f103xe.o(RESET) refers to stm32f1xx_it.o(i.DMA1_Channel1_IRQHandler) for DMA1_Channel1_IRQHandler
    startup_stm32f103xe.o(RESET) refers to stm32f1xx_it.o(i.USART1_IRQHandler) for USART1_IRQHandler
    startup_stm32f103xe.o(RESET) refers to stm32f1xx_it.o(i.TIM5_IRQHandler) for TIM5_IRQHandler
    startup_stm32f103xe.o(RESET) refers to stm32f1xx_it.o(i.TIM6_IRQHandler) for TIM6_IRQHandler
    startup_stm32f103xe.o(RESET) refers to stm32f1xx_it.o(i.TIM7_IRQHandler) for TIM7_IRQHandler
    startup_stm32f103xe.o(.text) refers (Special) to heapauxi.o(.text) for __use_two_region_memory
    startup_stm32f103xe.o(.text) refers to system_stm32f1xx.o(i.SystemInit) for SystemInit
    startup_stm32f103xe.o(.text) refers to __main.o(!!!main) for __main
    startup_stm32f103xe.o(.text) refers to startup_stm32f103xe.o(HEAP) for Heap_Mem
    startup_stm32f103xe.o(.text) refers to startup_stm32f103xe.o(STACK) for Stack_Mem
    main.o(i.HAL_TIM_PeriodElapsedCallback) refers to stm32f1xx_hal.o(i.HAL_IncTick) for HAL_IncTick
    main.o(i.SystemClock_Config) refers to rt_memclr_w.o(.text) for __aeabi_memclr4
    main.o(i.SystemClock_Config) refers to stm32f1xx_hal_rcc.o(i.HAL_RCC_OscConfig) for HAL_RCC_OscConfig
    main.o(i.SystemClock_Config) refers to main.o(i.Error_Handler) for Error_Handler
    main.o(i.SystemClock_Config) refers to stm32f1xx_hal_rcc.o(i.HAL_RCC_ClockConfig) for HAL_RCC_ClockConfig
    main.o(i.SystemClock_Config) refers to stm32f1xx_hal_rcc_ex.o(i.HAL_RCCEx_PeriphCLKConfig) for HAL_RCCEx_PeriphCLKConfig
    main.o(i.SystemClock_Config) refers to stm32f1xx_hal_rcc.o(i.HAL_RCC_EnableCSS) for HAL_RCC_EnableCSS
    main.o(i.flash_erase_page) refers to main.o(i.flash_ready) for flash_ready
    main.o(i.flash_write) refers to main.o(i.flash_ready) for flash_ready
    main.o(i.flash_write_d) refers to main.o(i.flash_ready) for flash_ready
    main.o(i.main) refers to stm32f1xx_hal.o(i.HAL_Init) for HAL_Init
    main.o(i.main) refers to main.o(i.SystemClock_Config) for SystemClock_Config
    main.o(i.main) refers to gpio.o(i.MX_GPIO_Init) for MX_GPIO_Init
    main.o(i.main) refers to dma.o(i.MX_DMA_Init) for MX_DMA_Init
    main.o(i.main) refers to tim.o(i.MX_TIM3_Init) for MX_TIM3_Init
    main.o(i.main) refers to usart.o(i.MX_USART1_UART_Init) for MX_USART1_UART_Init
    main.o(i.main) refers to tim.o(i.MX_TIM6_Init) for MX_TIM6_Init
    main.o(i.main) refers to adc.o(i.MX_ADC1_Init) for MX_ADC1_Init
    main.o(i.main) refers to tim.o(i.MX_TIM5_Init) for MX_TIM5_Init
    main.o(i.main) refers to stm32f1xx_hal_adc_ex.o(i.HAL_ADCEx_Calibration_Start) for HAL_ADCEx_Calibration_Start
    main.o(i.main) refers to stm32f1xx_hal_tim.o(i.HAL_TIM_PWM_Start) for HAL_TIM_PWM_Start
    main.o(i.main) refers to stm32f1xx_hal_gpio.o(i.HAL_GPIO_WritePin) for HAL_GPIO_WritePin
    main.o(i.main) refers to freertos.o(i.MX_FREERTOS_Init) for MX_FREERTOS_Init
    main.o(i.main) refers to cmsis_os.o(i.osKernelStart) for osKernelStart
    main.o(i.main) refers to adc.o(.bss) for hadc1
    main.o(i.main) refers to main.o(.data) for VDD
    main.o(i.main) refers to tim.o(.bss) for htim3
    gpio.o(i.MX_GPIO_Init) refers to stm32f1xx_hal_gpio.o(i.HAL_GPIO_WritePin) for HAL_GPIO_WritePin
    gpio.o(i.MX_GPIO_Init) refers to stm32f1xx_hal_gpio.o(i.HAL_GPIO_Init) for HAL_GPIO_Init
    adc.o(i.HAL_ADC_MspDeInit) refers to stm32f1xx_hal_gpio.o(i.HAL_GPIO_DeInit) for HAL_GPIO_DeInit
    adc.o(i.HAL_ADC_MspDeInit) refers to stm32f1xx_hal_dma.o(i.HAL_DMA_DeInit) for HAL_DMA_DeInit
[...]
    __rt_lib_shutdown_return                 0x080001eb   Thumb Code     0  libshutdown2.o(.ARM.Collect$$libshutdown$$00000010)
    __rt_lib_shutdown_signal_1               0x080001eb   Thumb Code     0  libshutdown2.o(.ARM.Collect$$libshutdown$$0000000A)
    __rt_lib_shutdown_stdio_1                0x080001eb   Thumb Code     0  libshutdown2.o(.ARM.Collect$$libshutdown$$00000004)
    __rt_lib_shutdown_user_alloc_1           0x080001eb   Thumb Code     0  libshutdown2.o(.ARM.Collect$$libshutdown$$0000000C)
    __rt_entry                               0x080001ed   Thumb Code     0  __rtentry.o(.ARM.Collect$$rtentry$$00000000)
    __rt_entry_presh_1                       0x080001ed   Thumb Code     0  __rtentry2.o(.ARM.Collect$$rtentry$$00000002)
    __rt_entry_sh                            0x080001ed   Thumb Code     0  __rtentry4.o(.ARM.Collect$$rtentry$$00000004)
    __rt_entry_li                            0x080001f3   Thumb Code     0  __rtentry2.o(.ARM.Collect$$rtentry$$0000000A)
    __rt_entry_postsh_1                      0x080001f3   Thumb Code     0  __rtentry2.o(.ARM.Collect$$rtentry$$00000009)
    __rt_entry_main                          0x080001f7   Thumb Code     0  __rtentry2.o(.ARM.Collect$$rtentry$$0000000D)
    __rt_entry_postli_1                      0x080001f7   Thumb Code     0  __rtentry2.o(.ARM.Collect$$rtentry$$0000000C)
    __rt_exit                                0x080001ff   Thumb Code     0  rtexit.o(.ARM.Collect$$rtexit$$00000000)
    __rt_exit_ls                             0x08000201   Thumb Code     0  rtexit2.o(.ARM.Collect$$rtexit$$00000003)
    __rt_exit_prels_1                        0x08000201   Thumb Code     0  rtexit2.o(.ARM.Collect$$rtexit$$00000002)
    __rt_exit_exit                           0x08000205   Thumb Code     0  rtexit2.o(.ARM.Collect$$rtexit$$00000004)
    SVC_Handler                              0x0800020d   Thumb Code    32  port.o(.emb_text)
    __asm___6_port_c_39a90d8d__prvStartFirstTask 0x08000231   Thumb Code    28  port.o(.emb_text)
    PendSV_Handler                           0x08000251   Thumb Code    72  port.o(.emb_text)
    vPortGetIPSR                             0x0800029d   Thumb Code     6  port.o(.emb_text)
    Reset_Handler                            0x080002a5   Thumb Code     8  startup_stm32f103xe.o(.text)
    ADC1_2_IRQHandler                        0x080002bf   Thumb Code     0  startup_stm32f103xe.o(.text)
    ADC3_IRQHandler                          0x080002bf   Thumb Code     0  startup_stm32f103xe.o(.text)
    CAN1_RX1_IRQHandler                      0x080002bf   Thumb Code     0  startup_stm32f103xe.o(.text)
    CAN1_SCE_IRQHandler                      0x080002bf   Thumb Code     0  startup_stm32f103xe.o(.text)
    DMA1_Channel2_IRQHandler                 0x080002bf   Thumb Code     0  startup_stm32f103xe.o(.text)
    DMA1_Channel3_IRQHandler                 0x080002bf   Thumb Code     0  startup_stm32f103xe.o(.text)
    DMA1_Channel4_IRQHandler                 0x080002bf   Thumb Code     0  startup_stm32f103xe.o(.text)
    DMA1_Channel5_IRQHandler                 0x080002bf   Thumb Code     0  startup_stm32f103xe.o(.text)
    DMA1_Channel6_IRQHandler                 0x080002bf   Thumb Code     0  startup_stm32f103xe.o(.text)
    DMA1_Channel7_IRQHandler                 0x080002bf   Thumb Code     0  startup_stm32f103xe.o(.text)
    DMA2_Channel1_IRQHandler                 0x080002bf   Thumb Code     0  startup_stm32f103xe.o(.text)
    DMA2_Channel2_IRQHandler                 0x080002bf   Thumb Code     0  startup_stm32f103xe.o(.text)
    DMA2_Channel3_IRQHandler                 0x080002bf   Thumb Code     0  startup_stm32f103xe.o(.text)
    DMA2_Channel4_5_IRQHandler               0x080002bf   Thumb Code     0  startup_stm32f103xe.o(.text)
    EXTI0_IRQHandler                         0x080002bf   Thumb Code     0  startup_stm32f103xe.o(.text)
    EXTI15_10_IRQHandler                     0x080002bf   Thumb Code     0  startup_stm32f103xe.o(.text)
    EXTI1_IRQHandler                         0x080002bf   Thumb Code     0  startup_stm32f103xe.o(.text)
    EXTI2_IRQHandler                         0x080002bf   Thumb Code     0  startup_stm32f103xe.o(.text)
    EXTI3_IRQHandler                         0x080002bf   Thumb Code     0  startup_stm32f103xe.o(.text)
    EXTI4_IRQHandler                         0x080002bf   Thumb Code     0  startup_stm32f103xe.o(.text)
    EXTI9_5_IRQHandler                       0x080002bf   Thumb Code     0  startup_stm32f103xe.o(.text)
    FLASH_IRQHandler                         0x080002bf   Thumb Code     0  startup_stm32f103xe.o(.text)
    FSMC_IRQHandler                          0x080002bf   Thumb Code     0  startup_stm32f103xe.o(.text)
    I2C1_ER_IRQHandler                       0x080002bf   Thumb Code     0  startup_stm32f103xe.o(.text)
    I2C1_EV_IRQHandler                       0x080002bf   Thumb Code     0  startup_stm32f103xe.o(.text)
    I2C2_ER_IRQHandler                       0x080002bf   Thumb Code     0  startup_stm32f103xe.o(.text)
    I2C2_EV_IRQHandler                       0x080002bf   Thumb Code     0  startup_stm32f103xe.o(.text)
    PVD_IRQHandler                           0x080002bf   Thumb Code     0  startup_stm32f103xe.o(.text)
    RCC_IRQHandler                           0x080002bf   Thumb Code     0  startup_stm32f103xe.o(.text)
    RTC_Alarm_IRQHandler                     0x080002bf   Thumb Code     0  startup_stm32f103xe.o(.text)
    RTC_IRQHandler                           0x080002bf   Thumb Code     0  startup_stm32f103xe.o(.text)
    SDIO_IRQHandler                          0x080002bf   Thumb Code     0  startup_stm32f103xe.o(.text)
    SPI1_IRQHandler                          0x080002bf   Thumb Code     0  startup_stm32f103xe.o(.text)
    SPI2_IRQHandler                          0x080002bf   Thumb Code     0  startup_stm32f103xe.o(.text)
    SPI3_IRQHandler                          0x080002bf   Thumb Code     0  startup_stm32f103xe.o(.text)
    TAMPER_IRQHandler                        0x080002bf   Thumb Code     0  startup_stm32f103xe.o(.text)
    TIM1_BRK_IRQHandler                      0x080002bf   Thumb Code     0  startup_stm32f103xe.o(.text)
    TIM1_CC_IRQHandler                       0x080002bf   Thumb Code     0  startup_stm32f103xe.o(.text)
    TIM1_TRG_COM_IRQHandler                  0x080002bf   Thumb Code     0  startup_stm32f103xe.o(.text)
    TIM1_UP_IRQHandler                       0x080002bf   Thumb Code     0  startup_stm32f103xe.o(.text)
    TIM2_IRQHandler                          0x080002bf   Thumb Code     0  startup_stm32f103xe.o(.text)
    TIM3_IRQHandler                          0x080002bf   Thumb Code     0  startup_stm32f103xe.o(.text)
    TIM4_IRQHandler                          0x080002bf   Thumb Code     0  startup_stm32f103xe.o(.text)
    TIM8_BRK_IRQHandler                      0x080002bf   Thumb Code     0  startup_stm32f103xe.o(.text)
    TIM8_CC_IRQHandler                       0x080002bf   Thumb Code     0  startup_stm32f103xe.o(.text)
    TIM8_TRG_COM_IRQHandler                  0x080002bf   Thumb Code     0  startup_stm32f103xe.o(.text)
    TIM8_UP_IRQHandler                       0x080002bf   Thumb Code     0  startup_stm32f103xe.o(.text)
    UART4_IRQHandler                         0x080002bf   Thumb Code     0  startup_stm32f103xe.o(.text)
    UART5_IRQHandler                         0x080002bf   Thumb Code     0  startup_stm32f103xe.o(.text)
    USART2_IRQHandler                        0x080002bf   Thumb Code     0  startup_stm32f103xe.o(.text)
    USART3_IRQHandler                        0x080002bf   Thumb Code     0  startup_stm32f103xe.o(.text)
    USBWakeUp_IRQHandler                     0x080002bf   Thumb Code     0  startup_stm32f103xe.o(.text)
    USB_HP_CAN1_TX_IRQHandler                0x080002bf   Thumb Code     0  startup_stm32f103xe.o(.text)
    USB_LP_CAN1_RX0_IRQHandler               0x080002bf   Thumb Code     0  startup_stm32f103xe.o(.text)
    WWDG_IRQHandler                          0x080002bf   Thumb Code     0  startup_stm32f103xe.o(.text)
    __user_initial_stackheap                 0x080002c1   Thumb Code     0  startup_stm32f103xe.o(.text)
    __aeabi_assert                           0x080002e5   Thumb Code    86  assert.o(.text)
    __assert                                 0x080002e5   Thumb Code     0  assert.o(.text)
    __aeabi_memcpy                           0x08000365   Thumb Code     0  rt_memcpy_v6.o(.text)
    __rt_memcpy                              0x08000365   Thumb Code   138  rt_memcpy_v6.o(.text)
    _memcpy_lastbytes                        0x080003cb   Thumb Code     0  rt_memcpy_v6.o(.text)
    __aeabi_memcpy4                          0x080003ef   Thumb Code     0  rt_memcpy_w.o(.text)
    __aeabi_memcpy8                          0x080003ef   Thumb Code     0  rt_memcpy_w.o(.text)
    __rt_memcpy_w                            0x080003ef   Thumb Code   100  rt_memcpy_w.o(.text)
    _memcpy_lastbytes_aligned                0x08000437   Thumb Code     0  rt_memcpy_w.o(.text)
    __aeabi_memclr4                          0x08000453   Thumb Code     0  rt_memclr_w.o(.text)
    __aeabi_memclr8                          0x08000453   Thumb Code     0  rt_memclr_w.o(.text)
    __rt_memclr_w                            0x08000453   Thumb Code    78  rt_memclr_w.o(.text)
    _memset_w                                0x08000457   Thumb Code     0  rt_memclr_w.o(.text)
    __use_two_region_memory                  0x080004a1   Thumb Code     2  heapauxi.o(.text)
    __rt_heap_escrow$2region                 0x080004a3   Thumb Code     2  heapauxi.o(.text)
    __rt_heap_expand$2region                 0x080004a5   Thumb Code     2  heapauxi.o(.text)
    __read_errno                             0x080004a7   Thumb Code    10  _rserrno.o(.text)
    __set_errno                              0x080004b1   Thumb Code    12  _rserrno.o(.text)
    abort                                    0x080004bd   Thumb Code    22  abort.o(.text)
    __assert_puts                            0x080004d3   Thumb Code    20  assert_puts.o(.text)
    _ttywrch                                 0x080004e7   Thumb Code    14  sys_wrch.o(.text)
    _sys_exit                                0x080004f5   Thumb Code     8  sys_exit.o(.text)
    __aeabi_errno_addr                       0x08000501   Thumb Code     8  rt_errno_addr_intlibspace.o(.text)
    __errno$intlibspace                      0x08000501   Thumb Code     0  rt_errno_addr_intlibspace.o(.text)
    __rt_errno_addr$intlibspace              0x08000501   Thumb Code     0  rt_errno_addr_intlibspace.o(.text)
    __rt_SIGABRT                             0x08000509   Thumb Code    14  defsig_abrt_outer.o(.text)
    __user_libspace                          0x08000519   Thumb Code     8  libspace.o(.text)
    __user_perproc_libspace                  0x08000519   Thumb Code     0  libspace.o(.text)
    __user_perthread_libspace                0x08000519   Thumb Code     0  libspace.o(.text)
    __I$use$semihosting                      0x08000521   Thumb Code     0  use_no_semi.o(.text)
    __use_no_semihosting_swi                 0x08000521   Thumb Code     2  use_no_semi.o(.text)
    __semihosting_library_function           0x08000523   Thumb Code     0  indicate_semi.o(.text)
    __user_setup_stackheap                   0x08000523   Thumb Code    74  sys_stackheap_outer.o(.text)
    exit                                     0x0800056d   Thumb Code    18  exit.o(.text)
    __sig_exit                               0x0800057f   Thumb Code    10  defsig_exit.o(.text)
    __rt_SIGABRT_inner                       0x08000589   Thumb Code    14  defsig_abrt_inner.o(.text)
    __default_signal_display                 0x080005b9   Thumb Code    50  defsig_general.o(.text)
    ADC_ConversionStop_Disable               0x080005eb   Thumb Code    82  stm32f1xx_hal_adc.o(i.ADC_ConversionStop_Disable)
    ADC_DMAConvCplt                          0x0800063d   Thumb Code    82  stm32f1xx_hal_adc.o(i.ADC_DMAConvCplt)
    ADC_DMAError                             0x0800068f   Thumb Code    30  stm32f1xx_hal_adc.o(i.ADC_DMAError)
    ADC_DMAHalfConvCplt                      0x080006ad   Thumb Code    14  stm32f1xx_hal_adc.o(i.ADC_DMAHalfConvCplt)
    ADC_Enable                               0x080006bd   Thumb Code   122  stm32f1xx_hal_adc.o(i.ADC_Enable)
    BusFault_Handler                         0x08000741   Thumb Code     4  stm32f1xx_it.o(i.BusFault_Handler)
    DMA1_Channel1_IRQHandler                 0x08000745   Thumb Code    10  stm32f1xx_it.o(i.DMA1_Channel1_IRQHandler)
    DebugMon_Handler                         0x08000781   Thumb Code     2  stm32f1xx_it.o(i.DebugMon_Handler)
    Error_Handler                            0x08000783   Thumb Code     2  main.o(i.Error_Handler)
    HAL_ADCEx_Calibration_Start              0x08000785   Thumb Code   256  stm32f1xx_hal_adc_ex.o(i.HAL_ADCEx_Calibration_Start)
    HAL_ADC_ConfigChannel                    0x08000889   Thumb Code   338  stm32f1xx_hal_adc.o(i.HAL_ADC_ConfigChannel)
    HAL_ADC_ConvCpltCallback                 0x080009e9   Thumb Code    52  freertos.o(i.HAL_ADC_ConvCpltCallback)
    HAL_ADC_ConvHalfCpltCallback             0x08000a31   Thumb Code     2  stm32f1xx_hal_adc.o(i.HAL_ADC_ConvHalfCpltCallback)
    HAL_ADC_ErrorCallback                    0x08000a33   Thumb Code     2  stm32f1xx_hal_adc.o(i.HAL_ADC_ErrorCallback)
    HAL_ADC_Init                             0x08000a35   Thumb Code   340  stm32f1xx_hal_adc.o(i.HAL_ADC_Init)
    HAL_ADC_MspInit                          0x08000b95   Thumb Code   154  adc.o(i.HAL_ADC_MspInit)
    HAL_ADC_Start_DMA                        0x08000c45   Thumb Code   362  stm32f1xx_hal_adc.o(i.HAL_ADC_Start_DMA)
    HAL_DMA_Abort_IT                         0x08000dc5   Thumb Code   414  stm32f1xx_hal_dma.o(i.HAL_DMA_Abort_IT)
    HAL_DMA_IRQHandler                       0x08000f6d   Thumb Code   910  stm32f1xx_hal_dma.o(i.HAL_DMA_IRQHandler)
    HAL_DMA_Init                             0x08001305   Thumb Code   132  stm32f1xx_hal_dma.o(i.HAL_DMA_Init)
    HAL_DMA_Start_IT                         0x08001391   Thumb Code   156  stm32f1xx_hal_dma.o(i.HAL_DMA_Start_IT)
    HAL_GPIO_Init                            0x0800142d   Thumb Code   792  stm32f1xx_hal_gpio.o(i.HAL_GPIO_Init)
    HAL_GPIO_ReadPin                         0x0800176d   Thumb Code    16  stm32f1xx_hal_gpio.o(i.HAL_GPIO_ReadPin)
    HAL_GPIO_WritePin                        0x0800177d   Thumb Code    12  stm32f1xx_hal_gpio.o(i.HAL_GPIO_WritePin)
    HAL_GetTick                              0x08001789   Thumb Code     6  stm32f1xx_hal.o(i.HAL_GetTick)
    HAL_IncTick                              0x08001795   Thumb Code    16  stm32f1xx_hal.o(i.HAL_IncTick)
    HAL_Init                                 0x080017ad   Thumb Code    34  stm32f1xx_hal.o(i.HAL_Init)
    HAL_InitTick                             0x080017d5   Thumb Code   118  stm32f1xx_hal_timebase_tim.o(i.HAL_InitTick)
    HAL_MspInit                              0x0800185d   Thumb Code    86  stm32f1xx_hal_msp.o(i.HAL_MspInit)
    HAL_NVIC_EnableIRQ                       0x080018bd   Thumb Code    32  stm32f1xx_hal_cortex.o(i.HAL_NVIC_EnableIRQ)
    HAL_NVIC_SetPriority                     0x080018dd   Thumb Code   124  stm32f1xx_hal_cortex.o(i.HAL_NVIC_SetPriority)
    HAL_NVIC_SetPriorityGrouping             0x08001959   Thumb Code    32  stm32f1xx_hal_cortex.o(i.HAL_NVIC_SetPriorityGrouping)
    HAL_RCCEx_GetPeriphCLKFreq               0x08001981   Thumb Code   276  stm32f1xx_hal_rcc_ex.o(i.HAL_RCCEx_GetPeriphCLKFreq)
    HAL_RCCEx_PeriphCLKConfig                0x08001ab5   Thumb Code   290  stm32f1xx_hal_rcc_ex.o(i.HAL_RCCEx_PeriphCLKConfig)
    HAL_RCC_CSSCallback                      0x08001be5   Thumb Code     2  stm32f1xx_hal_rcc.o(i.HAL_RCC_CSSCallback)
    HAL_RCC_ClockConfig                      0x08001be9   Thumb Code   376  stm32f1xx_hal_rcc.o(i.HAL_RCC_ClockConfig)
    HAL_RCC_EnableCSS                        0x08001d75   Thumb Code     8  stm32f1xx_hal_rcc.o(i.HAL_RCC_EnableCSS)
    HAL_RCC_GetClockConfig                   0x08001d81   Thumb Code    58  stm32f1xx_hal_rcc.o(i.HAL_RCC_GetClockConfig)
    HAL_RCC_GetHCLKFreq                      0x08001dc5   Thumb Code     6  stm32f1xx_hal_rcc.o(i.HAL_RCC_GetHCLKFreq)
    HAL_RCC_GetPCLK1Freq                     0x08001dd1   Thumb Code    22  stm32f1xx_hal_rcc.o(i.HAL_RCC_GetPCLK1Freq)
    HAL_RCC_GetPCLK2Freq                     0x08001df1   Thumb Code    22  stm32f1xx_hal_rcc.o(i.HAL_RCC_GetPCLK2Freq)
    HAL_RCC_GetSysClockFreq                  0x08001e11   Thumb Code   116  stm32f1xx_hal_rcc.o(i.HAL_RCC_GetSysClockFreq)
    HAL_RCC_NMI_IRQHandler                   0x08001ea5   Thumb Code    26  stm32f1xx_hal_rcc.o(i.HAL_RCC_NMI_IRQHandler)
    HAL_RCC_OscConfig                        0x08001ec5   Thumb Code  1114  stm32f1xx_hal_rcc.o(i.HAL_RCC_OscConfig)
    HAL_TIMEx_BreakCallback                  0x08002329   Thumb Code     2  stm32f1xx_hal_tim_ex.o(i.HAL_TIMEx_BreakCallback)
    HAL_TIMEx_CommutCallback                 0x0800232b   Thumb Code     2  stm32f1xx_hal_tim_ex.o(i.HAL_TIMEx_CommutCallback)
    HAL_TIMEx_MasterConfigSynchronization    0x0800232d   Thumb Code    84  stm32f1xx_hal_tim_ex.o(i.HAL_TIMEx_MasterConfigSynchronization)
    HAL_TIM_Base_Init                        0x08002381   Thumb Code    52  stm32f1xx_hal_tim.o(i.HAL_TIM_Base_Init)
    HAL_TIM_Base_MspInit                     0x080023b5   Thumb Code   112  tim.o(i.HAL_TIM_Base_MspInit)
    HAL_TIM_Base_Start_IT                    0x08002431   Thumb Code    42  stm32f1xx_hal_tim.o(i.HAL_TIM_Base_Start_IT)
    HAL_TIM_Base_Stop_IT                     0x0800245b   Thumb Code    56  stm32f1xx_hal_tim.o(i.HAL_TIM_Base_Stop_IT)
    HAL_TIM_ConfigClockSource                0x08002493   Thumb Code   264  stm32f1xx_hal_tim.o(i.HAL_TIM_ConfigClockSource)
    HAL_TIM_IC_CaptureCallback               0x0800259b   Thumb Code     2  stm32f1xx_hal_tim.o(i.HAL_TIM_IC_CaptureCallback)
    HAL_TIM_IRQHandler                       0x0800259d   Thumb Code   406  stm32f1xx_hal_tim.o(i.HAL_TIM_IRQHandler)
    HAL_TIM_MspPostInit                      0x08002735   Thumb Code    98  tim.o(i.HAL_TIM_MspPostInit)
    HAL_TIM_OC_DelayElapsedCallback          0x080027a9   Thumb Code     2  stm32f1xx_hal_tim.o(i.HAL_TIM_OC_DelayElapsedCallback)
    HAL_TIM_PWM_ConfigChannel                0x080027ab   Thumb Code   264  stm32f1xx_hal_tim.o(i.HAL_TIM_PWM_ConfigChannel)
    HAL_TIM_PWM_Init                         0x080028b3   Thumb Code    52  stm32f1xx_hal_tim.o(i.HAL_TIM_PWM_Init)
    HAL_TIM_PWM_MspInit                      0x080028e9   Thumb Code    40  tim.o(i.HAL_TIM_PWM_MspInit)
    HAL_TIM_PWM_PulseFinishedCallback        0x08002919   Thumb Code     2  stm32f1xx_hal_tim.o(i.HAL_TIM_PWM_PulseFinishedCallback)
    HAL_TIM_PWM_Start                        0x0800291d   Thumb Code    80  stm32f1xx_hal_tim.o(i.HAL_TIM_PWM_Start)
    HAL_TIM_PeriodElapsedCallback            0x08002975   Thumb Code    18  main.o(i.HAL_TIM_PeriodElapsedCallback)
    HAL_TIM_TriggerCallback                  0x0800298d   Thumb Code     2  stm32f1xx_hal_tim.o(i.HAL_TIM_TriggerCallback)
    HAL_UART_ErrorCallback                   0x0800298f   Thumb Code     2  stm32f1xx_hal_uart.o(i.HAL_UART_ErrorCallback)
    HAL_UART_IRQHandler                      0x08002991   Thumb Code   326  stm32f1xx_hal_uart.o(i.HAL_UART_IRQHandler)
    HAL_UART_Init                            0x08002add   Thumb Code   114  stm32f1xx_hal_uart.o(i.HAL_UART_Init)
    HAL_UART_MspInit                         0x08002b51   Thumb Code   138  usart.o(i.HAL_UART_MspInit)
    HAL_UART_RxCpltCallback                  0x08002be9   Thumb Code     2  stm32f1xx_hal_uart.o(i.HAL_UART_RxCpltCallback)
    HAL_UART_Transmit                        0x08002beb   Thumb Code   214  stm32f1xx_hal_uart.o(i.HAL_UART_Transmit)
    HAL_UART_TxCpltCallback                  0x08002cc1   Thumb Code     2  stm32f1xx_hal_uart.o(i.HAL_UART_TxCpltCallback)
    HardFault_Handler                        0x08002cc3   Thumb Code     4  stm32f1xx_it.o(i.HardFault_Handler)
    MX_ADC1_Init                             0x08002cc9   Thumb Code   134  adc.o(i.MX_ADC1_Init)
    MX_DMA_Init                              0x08002d59   Thumb Code    48  dma.o(i.MX_DMA_Init)
    MX_FREERTOS_Init                         0x08002d8d   Thumb Code   186  freertos.o(i.MX_FREERTOS_Init)
    MX_GPIO_Init                             0x08002ea5   Thumb Code   258  gpio.o(i.MX_GPIO_Init)
    MX_TIM3_Init                             0x08002fb9   Thumb Code   116  tim.o(i.MX_TIM3_Init)
    MX_TIM5_Init                             0x08003035   Thumb Code   100  tim.o(i.MX_TIM5_Init)
    MX_TIM6_Init                             0x080030a1   Thumb Code    64  tim.o(i.MX_TIM6_Init)
    MX_USART1_UART_Init                      0x080030e9   Thumb Code    46  usart.o(i.MX_USART1_UART_Init)
    MemManage_Handler                        0x08003121   Thumb Code     4  stm32f1xx_it.o(i.MemManage_Handler)
    ModBus_RTU                               0x08003125   Thumb Code    40  freertos.o(i.ModBus_RTU)
    NMI_Handler                              0x08003155   Thumb Code     8  stm32f1xx_it.o(i.NMI_Handler)
    ServoSet                                 0x08003185   Thumb Code   138  freertos.o(i.ServoSet)
    StartMainTask                            0x08003229   Thumb Code   638  freertos.o(i.StartMainTask)
    SysTick_Handler                          0x08003545   Thumb Code    46  port.o(i.SysTick_Handler)
    SystemClock_Config                       0x08003579   Thumb Code   134  main.o(i.SystemClock_Config)
    SystemInit                               0x08003601   Thumb Code    70  system_stm32f1xx.o(i.SystemInit)
    TIM5_IRQHandler                          0x08003659   Thumb Code    10  stm32f1xx_it.o(i.TIM5_IRQHandler)
    TIM6_IRQHandler                          0x08003669   Thumb Code    64  stm32f1xx_it.o(i.TIM6_IRQHandler)
    TIM7_IRQHandler                          0x080036b5   Thumb Code    10  stm32f1xx_it.o(i.TIM7_IRQHandler)
    TIM_Base_SetConfig                       0x080036c5   Thumb Code   134  stm32f1xx_hal_tim.o(i.TIM_Base_SetConfig)
    TIM_CCxChannelCmd                        0x08003761   Thumb Code    34  stm32f1xx_hal_tim.o(i.TIM_CCxChannelCmd)
    TIM_ETR_SetConfig                        0x08003783   Thumb Code    22  stm32f1xx_hal_tim.o(i.TIM_ETR_SetConfig)
    TIM_OC2_SetConfig                        0x0800381d   Thumb Code   114  stm32f1xx_hal_tim.o(i.TIM_OC2_SetConfig)
    USART1_IRQHandler                        0x08003d21   Thumb Code   102  stm32f1xx_it.o(i.USART1_IRQHandler)
    UsageFault_Handler                       0x08003d95   Thumb Code     4  stm32f1xx_it.o(i.UsageFault_Handler)
    __ARM_fpclassify                         0x08003d99   Thumb Code    40  fpclassify.o(i.__ARM_fpclassify)
    __kernel_poly                            0x08003df9   Thumb Code   170  poly.o(i.__kernel_poly)
    __mathlib_dbl_infnan                     0x08003ea3   Thumb Code     6  dunder.o(i.__mathlib_dbl_infnan)
    __mathlib_dbl_overflow                   0x08003ea9   Thumb Code    14  dunder.o(i.__mathlib_dbl_overflow)
    __mathlib_dbl_underflow                  0x08003eb9   Thumb Code    10  dunder.o(i.__mathlib_dbl_underflow)
    calibration                              0x08003ec9   Thumb Code   514  freertos.o(i.calibration)
    eMBEnable                                0x080040fd   Thumb Code    32  mb.o(i.eMBEnable)
    eMBFuncReadCoils                         0x08004125   Thumb Code   174  mbfunccoils.o(i.eMBFuncReadCoils)
    eMBFuncReadDiscreteInputs                0x080041d3   Thumb Code   172  mbfuncdisc.o(i.eMBFuncReadDiscreteInputs)
    eMBFuncReadHoldingRegister               0x0800427f   Thumb Code   140  mbfuncholding.o(i.eMBFuncReadHoldingRegister)
    eMBFuncReadInputRegister                 0x0800430b   Thumb Code   140  mbfuncinput.o(i.eMBFuncReadInputRegister)
    eMBFuncReadWriteMultipleHoldingRegister  0x08004397   Thumb Code   212  mbfuncholding.o(i.eMBFuncReadWriteMultipleHoldingRegister)
    eMBFuncReportSlaveID                     0x0800446d   Thumb Code    30  mbfuncother.o(i.eMBFuncReportSlaveID)
    eMBFuncWriteCoil                         0x08004495   Thumb Code   112  mbfunccoils.o(i.eMBFuncWriteCoil)
    eMBFuncWriteHoldingRegister              0x08004505   Thumb Code    66  mbfuncholding.o(i.eMBFuncWriteHoldingRegister)
    eMBFuncWriteMultipleCoils                0x08004547   Thumb Code   144  mbfunccoils.o(i.eMBFuncWriteMultipleCoils)
    eMBFuncWriteMultipleHoldingRegister      0x080045d7   Thumb Code   110  mbfuncholding.o(i.eMBFuncWriteMultipleHoldingRegister)
    eMBInit                                  0x08004645   Thumb Code   150  mb.o(i.eMBInit)
    eMBPoll                                  0x08004725   Thumb Code   268  mb.o(i.eMBPoll)
    eMBRTUInit                               0x0800485d   Thumb Code    80  mbrtu.o(i.eMBRTUInit)
    eMBRTUReceive                            0x080048b1   Thumb Code    94  mbrtu.o(i.eMBRTUReceive)
    eMBRTUSend                               0x08004971   Thumb Code   120  mbrtu.o(i.eMBRTUSend)
    eMBRTUStart                              0x080049fd   Thumb Code    26  mbrtu.o(i.eMBRTUStart)
    eMBRTUStop                               0x08004a1d   Thumb Code    20  mbrtu.o(i.eMBRTUStop)
    eMBRegCoilsCB                            0x08004a31   Thumb Code     8  freertos.o(i.eMBRegCoilsCB)
    eMBRegDiscreteCB                         0x08004a39   Thumb Code     6  freertos.o(i.eMBRegDiscreteCB)
    eMBRegHoldingCB                          0x08004a41   Thumb Code   600  freertos.o(i.eMBRegHoldingCB)
    eMBRegInputCB                            0x08004cd5   Thumb Code    64  freertos.o(i.eMBRegInputCB)
    exp                                      0x08004d1d   Thumb Code   554  exp.o(i.exp)
    flash_erase_page                         0x08004fa1   Thumb Code    52  main.o(i.flash_erase_page)
    flash_lock                               0x08004fd9   Thumb Code    14  main.o(i.flash_lock)
    flash_read                               0x08004fed   Thumb Code     6  main.o(i.flash_read)
    flash_read_d                             0x08004ff3   Thumb Code    32  main.o(i.flash_read_d)
    flash_ready                              0x08005015   Thumb Code    14  main.o(i.flash_ready)
    flash_unlock                             0x08005029   Thumb Code    12  main.o(i.flash_unlock)
    flash_write                              0x08005041   Thumb Code    68  main.o(i.flash_write)
    flash_write_d                            0x08005089   Thumb Code   112  main.o(i.flash_write_d)
    main                                     0x0800510d   Thumb Code    80  main.o(i.main)
    map                                      0x0800517b   Thumb Code   104  freertos.o(i.map)
    osDelay                                  0x080051e3   Thumb Code    24  cmsis_os.o(i.osDelay)
    osKernelStart                            0x080051fb   Thumb Code    10  cmsis_os.o(i.osKernelStart)
    osThreadCreate                           0x08005205   Thumb Code    94  cmsis_os.o(i.osThreadCreate)
    osTimerCreate                            0x08005265   Thumb Code    72  cmsis_os.o(i.osTimerCreate)
    osTimerStart                             0x080052b1   Thumb Code   100  cmsis_os.o(i.osTimerStart)
    osTimerStop                              0x08005319   Thumb Code    88  cmsis_os.o(i.osTimerStop)
    prveMBError2Exception                    0x08005d6d   Thumb Code    34  mbutils.o(i.prveMBError2Exception)
    pvPortMalloc                             0x08005d91   Thumb Code   296  heap_4.o(i.pvPortMalloc)
    pxPortInitialiseStack                    0x08005ecd   Thumb Code    30  port.o(i.pxPortInitialiseStack)
    readFlash                                0x08005ef1   Thumb Code   154  freertos.o(i.readFlash)
    saveFlash                                0x08005fc1   Thumb Code   154  freertos.o(i.saveFlash)
    usMBCRC16                                0x08006091   Thumb Code    48  mbcrc.o(i.usMBCRC16)
    uxListRemove                             0x080060c9   Thumb Code    40  list.o(i.uxListRemove)
    vApplicationGetIdleTaskMemory            0x080060f1   Thumb Code    14  freertos.o(i.vApplicationGetIdleTaskMemory)
    vApplicationGetTimerTaskMemory           0x08006109   Thumb Code    16  freertos.o(i.vApplicationGetTimerTaskMemory)
    vListInitialise                          0x08006121   Thumb Code    26  list.o(i.vListInitialise)
    vListInitialiseItem                      0x0800613b   Thumb Code     6  list.o(i.vListInitialiseItem)
    vListInsert                              0x08006141   Thumb Code    52  list.o(i.vListInsert)
    vListInsertEnd                           0x08006175   Thumb Code    24  list.o(i.vListInsertEnd)
    vMBPortSerialEnable                      0x0800618d   Thumb Code   118  portserial.o(i.vMBPortSerialEnable)
    vMBPortTimersDisable                     0x0800620d   Thumb Code    10  porttimer.o(i.vMBPortTimersDisable)
    vMBPortTimersEnable                      0x0800621d   Thumb Code    18  porttimer.o(i.vMBPortTimersEnable)
    vPortEnterCritical                       0x0800623d   Thumb Code    76  port.o(i.vPortEnterCritical)
    vPortExitCritical                        0x08006291   Thumb Code    56  port.o(i.vPortExitCritical)
    vPortFree                                0x080062cd   Thumb Code   140  heap_4.o(i.vPortFree)
    vPortSetupTimerInterrupt                 0x08006361   Thumb Code    36  port.o(i.vPortSetupTimerInterrupt)
    vPortValidateInterruptPriority           0x08006389   Thumb Code   106  port.o(i.vPortValidateInterruptPriority)
    vQueueAddToRegistry                      0x08006401   Thumb Code    38  queue.o(i.vQueueAddToRegistry)
    vQueueWaitForMessageRestricted           0x0800642d   Thumb Code    74  queue.o(i.vQueueWaitForMessageRestricted)
    vTaskDelay                               0x08006479   Thumb Code    82  tasks.o(i.vTaskDelay)
    vTaskInternalSetTimeOutState             0x080064d5   Thumb Code    14  tasks.o(i.vTaskInternalSetTimeOutState)
    vTaskMissedYield                         0x080064ed   Thumb Code     8  tasks.o(i.vTaskMissedYield)
    vTaskPlaceOnEventList                    0x080064f9   Thumb Code    52  tasks.o(i.vTaskPlaceOnEventList)
    vTaskPlaceOnEventListRestricted          0x08006531   Thumb Code    60  tasks.o(i.vTaskPlaceOnEventListRestricted)
    vTaskStartScheduler                      0x08006571   Thumb Code   156  tasks.o(i.vTaskStartScheduler)
    vTaskSuspendAll                          0x08006629   Thumb Code    12  tasks.o(i.vTaskSuspendAll)
    vTaskSwitchContext                       0x08006639   Thumb Code   118  tasks.o(i.vTaskSwitchContext)
    xMBPortEventGet                          0x080066c5   Thumb Code    26  portevent.o(i.xMBPortEventGet)
    xMBPortEventInit                         0x080066e9   Thumb Code    10  portevent.o(i.xMBPortEventInit)
    xMBPortEventPost                         0x080066f9   Thumb Code    16  portevent.o(i.xMBPortEventPost)
    xMBPortSerialGetByte                     0x08006711   Thumb Code    16  portserial.o(i.xMBPortSerialGetByte)
    xMBPortSerialInit                        0x08006725   Thumb Code   126  portserial.o(i.xMBPortSerialInit)
    xMBPortSerialPutByte                     0x080067ad   Thumb Code    26  portserial.o(i.xMBPortSerialPutByte)
    xMBPortTimersInit                        0x080067cd   Thumb Code    78  porttimer.o(i.xMBPortTimersInit)
    xMBRTUReceiveFSM                         0x0800682d   Thumb Code   140  mbrtu.o(i.xMBRTUReceiveFSM)
    xMBRTUTimerT35Expired                    0x08006915   Thumb Code    96  mbrtu.o(i.xMBRTUTimerT35Expired)
    xMBRTUTransmitFSM                        0x080069ad   Thumb Code   116  mbrtu.o(i.xMBRTUTransmitFSM)
    xPortStartScheduler                      0x08006a7d   Thumb Code   228  port.o(i.xPortStartScheduler)
    xQueueGenericCreateStatic                0x08006b75   Thumb Code   222  queue.o(i.xQueueGenericCreateStatic)
    xQueueGenericReset                       0x08006c55   Thumb Code   146  queue.o(i.xQueueGenericReset)
    xQueueGenericSend                        0x08006ced   Thumb Code   420  queue.o(i.xQueueGenericSend)
    xQueueGenericSendFromISR                 0x08006e95   Thumb Code   248  queue.o(i.xQueueGenericSendFromISR)
    xQueueReceive                            0x08006f8d   Thumb Code   356  queue.o(i.xQueueReceive)
    xTaskCheckForTimeOut                     0x080070f5   Thumb Code   132  tasks.o(i.xTaskCheckForTimeOut)
    xTaskCreate                              0x08007181   Thumb Code   100  tasks.o(i.xTaskCreate)
    xTaskCreateStatic                        0x080071e5   Thumb Code   184  tasks.o(i.xTaskCreateStatic)
    xTaskGetSchedulerState                   0x0800729d   Thumb Code    24  tasks.o(i.xTaskGetSchedulerState)
    xTaskGetTickCount                        0x080072bd   Thumb Code     6  tasks.o(i.xTaskGetTickCount)
    xTaskIncrementTick                       0x080072c9   Thumb Code   282  tasks.o(i.xTaskIncrementTick)
    xTaskPriorityDisinherit                  0x08007411   Thumb Code   188  tasks.o(i.xTaskPriorityDisinherit)
    xTaskRemoveFromEventList                 0x080074d9   Thumb Code   128  tasks.o(i.xTaskRemoveFromEventList)
    xTaskResumeAll                           0x08007571   Thumb Code   224  tasks.o(i.xTaskResumeAll)
    xTimerCreate                             0x08007675   Thumb Code    54  timers.o(i.xTimerCreate)
    xTimerCreateStatic                       0x080076ab   Thumb Code   112  timers.o(i.xTimerCreateStatic)
    xTimerCreateTimerTask                    0x0800771d   Thumb Code   100  timers.o(i.xTimerCreateTimerTask)
    xTimerGenericCommand                     0x08007795   Thumb Code   126  timers.o(i.xTimerGenericCommand)
    __aeabi_dadd                             0x08007819   Thumb Code     0  daddsub_clz.o(x$fpl$dadd)
    _dadd                                    0x08007819   Thumb Code   332  daddsub_clz.o(x$fpl$dadd)
    __fpl_dcheck_NaN1                        0x08007969   Thumb Code    10  dcheck1.o(x$fpl$dcheck1)
    __fpl_dcmp_Inf                           0x08007979   Thumb Code    24  dcmpi.o(x$fpl$dcmpinf)
    __aeabi_ddiv                             0x08007991   Thumb Code     0  ddiv.o(x$fpl$ddiv)
    _ddiv                                    0x08007991   Thumb Code   552  ddiv.o(x$fpl$ddiv)
    __aeabi_cdcmpeq                          0x08007c41   Thumb Code     0  deqf.o(x$fpl$deqf)
    _dcmpeq                                  0x08007c41   Thumb Code   120  deqf.o(x$fpl$deqf)
    __aeabi_d2iz                             0x08007cb9   Thumb Code     0  dfix.o(x$fpl$dfix)
    _dfix                                    0x08007cb9   Thumb Code    94  dfix.o(x$fpl$dfix)
    __aeabi_d2uiz                            0x08007d19   Thumb Code     0  dfixu.o(x$fpl$dfixu)
    _dfixu                                   0x08007d19   Thumb Code    90  dfixu.o(x$fpl$dfixu)
    __aeabi_i2d                              0x08007d73   Thumb Code     0  dflt_clz.o(x$fpl$dflt)
    _dflt                                    0x08007d73   Thumb Code    46  dflt_clz.o(x$fpl$dflt)
    __aeabi_ui2d                             0x08007da1   Thumb Code     0  dflt_clz.o(x$fpl$dfltu)
    _dfltu                                   0x08007da1   Thumb Code    38  dflt_clz.o(x$fpl$dfltu)
    __aeabi_cdcmple                          0x08007dc9   Thumb Code     0  dleqf.o(x$fpl$dleqf)
    _dcmple                                  0x08007dc9   Thumb Code   120  dleqf.o(x$fpl$dleqf)
    __fpl_dcmple_InfNaN                      0x08007e2b   Thumb Code     0  dleqf.o(x$fpl$dleqf)
    __aeabi_dmul                             0x08007e41   Thumb Code     0  dmul.o(x$fpl$dmul)
    _dmul                                    0x08007e41   Thumb Code   332  dmul.o(x$fpl$dmul)
    __fpl_dnaninf                            0x08007f95   Thumb Code   156  dnaninf.o(x$fpl$dnaninf)
    __fpl_dretinf                            0x08008031   Thumb Code    12  dretinf.o(x$fpl$dretinf)
    __aeabi_cdrcmple                         0x0800803d   Thumb Code     0  drleqf.o(x$fpl$drleqf)
    _drcmple                                 0x0800803d   Thumb Code   108  drleqf.o(x$fpl$drleqf)
    __aeabi_drsub                            0x080080a9   Thumb Code     0  daddsub_clz.o(x$fpl$drsb)
    _drsb                                    0x080080a9   Thumb Code    22  daddsub_clz.o(x$fpl$drsb)
    __aeabi_dsub                             0x080080c1   Thumb Code     0  daddsub_clz.o(x$fpl$dsub)
    _dsub                                    0x080080c1   Thumb Code   464  daddsub_clz.o(x$fpl$dsub)
    __fpl_return_NaN                         0x08008295   Thumb Code   100  retnan.o(x$fpl$retnan)
    __ARM_scalbn                             0x080082f9   Thumb Code    92  scalbn.o(x$fpl$scalbn)
    __fpl_cmpreturn                          0x08008355   Thumb Code    48  trapv.o(x$fpl$trapveneer)
    __I$use$fp                               0x08008384   Number         0  usenofp.o(x$fpl$usenofp)
    AHBPrescTable                            0x080083c4   Data          16  system_stm32f1xx.o(.constdata)
    APBPrescTable                            0x080083d4   Data           8  system_stm32f1xx.o(.constdata)
    Region$$Table$$Base                      0x080086b0   Number         0  anon$$obj.o(Region$$Table)
    Region$$Table$$Limit                     0x080086d0   Number         0  anon$$obj.o(Region$$Table)
    update                                   0x2000001a   Data           1  freertos.o(.data)
    tstart                                   0x2000001b   Data           1  freertos.o(.data)
    pos                                      0x2000001c   Data           1  freertos.o(.data)
    startCal                                 0x2000001d   Data           1  freertos.o(.data)
    setDef                                   0x2000001e   Data           1  freertos.o(.data)
    saveSettings                             0x2000001f   Data           1  freertos.o(.data)
    readSettings                             0x20000020   Data           1  freertos.o(.data)
    stopCalibration                          0x20000021   Data           1  freertos.o(.data)
    halfPoints                               0x20000022   Data           2  freertos.o(.data)
    totalAngle                               0x20000028   Data           8  freertos.o(.data)
    convertFin                               0x20000030   Data           1  freertos.o(.data)
    K                                        0x20000038   Data           8  freertos.o(.data)
    pointsROtate                             0x20000040   Data           4  freertos.o(.data)
    startAngle                               0x20000044   Data           4  freertos.o(.data)
    finishAngle                              0x20000048   Data           4  freertos.o(.data)
    startAngle_Cal                           0x2000004c   Data           4  freertos.o(.data)
    finishAngle_Cal                          0x20000050   Data           4  freertos.o(.data)
    min_U                                    0x20000058   Data           8  freertos.o(.data)
    max_U                                    0x20000060   Data           8  freertos.o(.data)
    min_PosPWM                               0x20000068   Data           4  freertos.o(.data)
    max_PosPWM                               0x2000006c   Data           4  freertos.o(.data)
    pos_U                                    0x20000070   Data           8  freertos.o(.data)
    posPWM                                   0x20000078   Data           2  freertos.o(.data)
    boarate                                  0x2000007c   Data           4  freertos.o(.data)
    slaveAdr                                 0x20000080   Data           4  freertos.o(.data)
    mainTaskHandle                           0x20000084   Data           4  freertos.o(.data)
    modBusHandle                             0x20000088   Data           4  freertos.o(.data)
    ServoTimerHandle                         0x2000008c   Data           4  freertos.o(.data)
    uwTick                                   0x20000094   Data           4  stm32f1xx_hal.o(.data)
    uwTickPrio                               0x20000098   Data           4  stm32f1xx_hal.o(.data)
    uwTickFreq                               0x2000009c   Data           1  stm32f1xx_hal.o(.data)
    SystemCoreClock                          0x200000a0   Data           4  system_stm32f1xx.o(.data)
    pxCurrentTCB                             0x200000a4   Data           4  tasks.o(.data)
    pxMBFrameCBByteReceived                  0x20000130   Data           4  mb.o(.data)
    pxMBFrameCBTransmitterEmpty              0x20000134   Data           4  mb.o(.data)
    pxMBPortCBTimerExpired                   0x20000138   Data           4  mb.o(.data)
    pxMBFrameCBReceiveFSMCur                 0x2000013c   Data           4  mb.o(.data)
    pxMBFrameCBTransmitFSMCur                0x20000140   Data           4  mb.o(.data)
    serial                                   0x200001e8   Data           4  portserial.o(.data)
    timeout                                  0x200001ec   Data           2  porttimer.o(.data)
    downcounter                              0x200001ee   Data           2  porttimer.o(.data)
    hadc1                                    0x200001f4   Data          48  adc.o(.bss)
    hdma_adc1                                0x20000224   Data          68  adc.o(.bss)
    angle                                    0x20000268   Data        1024  freertos.o(.bss)
    ADC_Result                               0x20000668   Data         256  freertos.o(.bss)
    htim3                                    0x20000e10   Data          64  tim.o(.bss)
    htim5                                    0x20000e50   Data          64  tim.o(.bss)
    htim6                                    0x20000e90   Data          64  tim.o(.bss)
    huart1                                   0x20000ed0   Data          64  usart.o(.bss)
    htim7                                    0x20000f10   Data          64  stm32f1xx_hal_timebase_tim.o(.bss)
    xQueueRegistry                           0x20000f50   Data          64  queue.o(.bss)
    ucRTUBuf                                 0x20006168   Data         256  mbrtu.o(.bss)
    __libspace_start                         0x20006288   Data          96  libspace.o(.bss)
    __temporary_stack_top$libspace           0x200062e8   Data           0  libspace.o(.bss)



==============================================================================

Memory Map of the image

  Image Entry point : 0x08000131

  Load Region LR_IROM1 (Base: 0x08000000, Size: 0x000088c4, Max: 0x00040000, ABSOLUTE, COMPRESSED[0x00008754])

    Execution Region ER_IROM1 (Exec base: 0x08000000, Load base: 0x08000000, Size: 0x000086d0, Max: 0x00040000, ABSOLUTE)

    Exec Addr    Load Addr    Size         Type   Attr      Idx    E Section Name        Object

    0x08000000   0x08000000   0x00000130   Data   RO            3    RESET               startup_stm32f103xe.o
    0x08000130   0x08000130   0x00000008   Code   RO         5323  * !!!main             c_w.l(__main.o)
    0x08000138   0x08000138   0x00000034   Code   RO         5575    !!!scatter          c_w.l(__scatter.o)
    0x0800016c   0x0800016c   0x0000005a   Code   RO         5573    !!dczerorl2         c_w.l(__dczerorl2.o)
    0x080001c6   0x080001c6   0x00000002   PAD
    0x080001c8   0x080001c8   0x0000001c   Code   RO         5577    !!handler_zi        c_w.l(__scatter_zi.o)
    0x080001e4   0x080001e4   0x00000002   Code   RO         5455    .ARM.Collect$$libinit$$00000000  c_w.l(libinit.o)
    0x080001e6   0x080001e6   0x00000000   Code   RO         5465    .ARM.Collect$$libinit$$00000002  c_w.l(libinit2.o)
    0x080001e6   0x080001e6   0x00000000   Code   RO         5467    .ARM.Collect$$libinit$$00000004  c_w.l(libinit2.o)
    0x080001e6   0x080001e6   0x00000000   Code   RO         5470    .ARM.Collect$$libinit$$0000000A  c_w.l(libinit2.o)
    0x080001e6   0x080001e6   0x00000000   Code   RO         5472    .ARM.Collect$$libinit$$0000000C  c_w.l(libinit2.o)
    0x080001e6   0x080001e6   0x00000000   Code   RO         5474    .ARM.Collect$$libinit$$0000000E  c_w.l(libinit2.o)
    0x080001e6   0x080001e6   0x00000000   Code   RO         5477    .ARM.Collect$$libinit$$00000011  c_w.l(libinit2.o)
    0x080001e6   0x080001e6   0x00000000   Code   RO         5479    .ARM.Collect$$libinit$$00000013  c_w.l(libinit2.o)
    0x080001e6   0x080001e6   0x00000000   Code   RO         5481    .ARM.Collect$$libinit$$00000015  c_w.l(libinit2.o)
    0x080001e6   0x080001e6   0x00000000   Code   RO         5483    .ARM.Collect$$libinit$$00000017  c_w.l(libinit2.o)
    0x080001e6   0x080001e6   0x00000000   Code   RO         5485    .ARM.Collect$$libinit$$00000019  c_w.l(libinit2.o)
    0x080001e6   0x080001e6   0x00000000   Code   RO         5487    .ARM.Collect$$libinit$$0000001B  c_w.l(libinit2.o)
    0x080001e6   0x080001e6   0x00000000   Code   RO         5489    .ARM.Collect$$libinit$$0000001D  c_w.l(libinit2.o)
    0x080001e6   0x080001e6   0x00000000   Code   RO         5491    .ARM.Collect$$libinit$$0000001F  c_w.l(libinit2.o)
    0x080001e6   0x080001e6   0x00000000   Code   RO         5493    .ARM.Collect$$libinit$$00000021  c_w.l(libinit2.o)
    0x080001e6   0x080001e6   0x00000000   Code   RO         5495    .ARM.Collect$$libinit$$00000023  c_w.l(libinit2.o)
    0x080001e6   0x080001e6   0x00000000   Code   RO         5497    .ARM.Collect$$libinit$$00000025  c_w.l(libinit2.o)
    0x080001e6   0x080001e6   0x00000000   Code   RO         5501    .ARM.Collect$$libinit$$0000002C  c_w.l(libinit2.o)
    0x080001e6   0x080001e6   0x00000000   Code   RO         5503    .ARM.Collect$$libinit$$0000002E  c_w.l(libinit2.o)
    0x080001e6   0x080001e6   0x00000000   Code   RO         5505    .ARM.Collect$$libinit$$00000030  c_w.l(libinit2.o)
    0x080001e6   0x080001e6   0x00000000   Code   RO         5507    .ARM.Collect$$libinit$$00000032  c_w.l(libinit2.o)
    0x080001e6   0x080001e6   0x00000002   Code   RO         5508    .ARM.Collect$$libinit$$00000033  c_w.l(libinit2.o)
    0x080001e8   0x080001e8   0x00000002   Code   RO         5546    .ARM.Collect$$libshutdown$$00000000  c_w.l(libshutdown.o)
    0x080001ea   0x080001ea   0x00000000   Code   RO         5556    .ARM.Collect$$libshutdown$$00000002  c_w.l(libshutdown2.o)
    0x080001ea   0x080001ea   0x00000000   Code   RO         5558    .ARM.Collect$$libshutdown$$00000004  c_w.l(libshutdown2.o)
    0x080001ea   0x080001ea   0x00000000   Code   RO         5561    .ARM.Collect$$libshutdown$$00000007  c_w.l(libshutdown2.o)
    0x080001ea   0x080001ea   0x00000000   Code   RO         5564    .ARM.Collect$$libshutdown$$0000000A  c_w.l(libshutdown2.o)
    0x080001ea   0x080001ea   0x00000000   Code   RO         5566    .ARM.Collect$$libshutdown$$0000000C  c_w.l(libshutdown2.o)
    0x080001ea   0x080001ea   0x00000000   Code   RO         5569    .ARM.Collect$$libshutdown$$0000000F  c_w.l(libshutdown2.o)
    0x080001ea   0x080001ea   0x00000002   Code   RO         5570    .ARM.Collect$$libshutdown$$00000010  c_w.l(libshutdown2.o)
    0x080001ec   0x080001ec   0x00000000   Code   RO         5359    .ARM.Collect$$rtentry$$00000000  c_w.l(__rtentry.o)
    0x080001ec   0x080001ec   0x00000000   Code   RO         5409    .ARM.Collect$$rtentry$$00000002  c_w.l(__rtentry2.o)
    0x080001ec   0x080001ec   0x00000006   Code   RO         5421    .ARM.Collect$$rtentry$$00000004  c_w.l(__rtentry4.o)
    0x080001f2   0x080001f2   0x00000000   Code   RO         5411    .ARM.Collect$$rtentry$$00000009  c_w.l(__rtentry2.o)
    0x080001f2   0x080001f2   0x00000004   Code   RO         5412    .ARM.Collect$$rtentry$$0000000A  c_w.l(__rtentry2.o)
    0x080001f6   0x080001f6   0x00000000   Code   RO         5414    .ARM.Collect$$rtentry$$0000000C  c_w.l(__rtentry2.o)
    0x080001f6   0x080001f6   0x00000008   Code   RO         5415    .ARM.Collect$$rtentry$$0000000D  c_w.l(__rtentry2.o)
    0x080001fe   0x080001fe   0x00000002   Code   RO         5458    .ARM.Collect$$rtexit$$00000000  c_w.l(rtexit.o)
    0x08000200   0x08000200   0x00000000   Code   RO         5512    .ARM.Collect$$rtexit$$00000002  c_w.l(rtexit2.o)
    0x08000200   0x08000200   0x00000004   Code   RO         5513    .ARM.Collect$$rtexit$$00000003  c_w.l(rtexit2.o)
    0x08000204   0x08000204   0x00000006   Code   RO         5514    .ARM.Collect$$rtexit$$00000004  c_w.l(rtexit2.o)
    0x0800020a   0x0800020a   0x00000002   PAD
    0x0800020c   0x0800020c   0x00000096   Code   RO         4736    .emb_text           port.o
    0x080002a2   0x080002a2   0x00000002   PAD
    0x080002a4   0x080002a4   0x00000040   Code   RO            4    .text               startup_stm32f103xe.o
    0x080002e4   0x080002e4   0x00000080   Code   RO         5311    .text               c_w.l(assert.o)
    0x08000364   0x08000364   0x0000008a   Code   RO         5313    .text               c_w.l(rt_memcpy_v6.o)
    0x080003ee   0x080003ee   0x00000064   Code   RO         5315    .text               c_w.l(rt_memcpy_w.o)
    0x08000452   0x08000452   0x0000004e   Code   RO         5319    .text               c_w.l(rt_memclr_w.o)
    0x080004a0   0x080004a0   0x00000006   Code   RO         5321    .text               c_w.l(heapauxi.o)
    0x080004a6   0x080004a6   0x00000016   Code   RO         5360    .text               c_w.l(_rserrno.o)
    0x080004bc   0x080004bc   0x00000016   Code   RO         5362    .text               c_w.l(abort.o)
    0x080004d2   0x080004d2   0x00000014   Code   RO         5364    .text               c_w.l(assert_puts.o)
    0x080004e6   0x080004e6   0x0000000e   Code   RO         5404    .text               c_w.l(sys_wrch.o)
    0x080004f4   0x080004f4   0x0000000c   Code   RO         5406    .text               c_w.l(sys_exit.o)
    0x08000500   0x08000500   0x00000008   Code   RO         5426    .text               c_w.l(rt_errno_addr_intlibspace.o)
    0x08000508   0x08000508   0x0000000e   Code   RO         5428    .text               c_w.l(defsig_abrt_outer.o)
    0x08000516   0x08000516   0x00000002   PAD
    0x08000518   0x08000518   0x00000008   Code   RO         5434    .text               c_w.l(libspace.o)
    0x08000520   0x08000520   0x00000002   Code   RO         5437    .text               c_w.l(use_no_semi.o)
    0x08000522   0x08000522   0x00000000   Code   RO         5439    .text               c_w.l(indicate_semi.o)
    0x08000522   0x08000522   0x0000004a   Code   RO         5440    .text               c_w.l(sys_stackheap_outer.o)
    0x0800056c   0x0800056c   0x00000012   Code   RO         5444    .text               c_w.l(exit.o)
    0x0800057e   0x0800057e   0x0000000a   Code   RO         5446    .text               c_w.l(defsig_exit.o)
    0x08000588   0x08000588   0x00000030   Code   RO         5448    .text               c_w.l(defsig_abrt_inner.o)
    0x080005b8   0x080005b8   0x00000032   Code   RO         5462    .text               c_w.l(defsig_general.o)
    0x080005ea   0x080005ea   0x00000052   Code   RO          808    i.ADC_ConversionStop_Disable  stm32f1xx_hal_adc.o
    0x0800063c   0x0800063c   0x00000052   Code   RO          809    i.ADC_DMAConvCplt   stm32f1xx_hal_adc.o
    0x0800068e   0x0800068e   0x0000001e   Code   RO          810    i.ADC_DMAError      stm32f1xx_hal_adc.o
    0x080006ac   0x080006ac   0x0000000e   Code   RO          811    i.ADC_DMAHalfConvCplt  stm32f1xx_hal_adc.o
    0x080006ba   0x080006ba   0x00000002   PAD
    0x080006bc   0x080006bc   0x00000084   Code   RO          812    i.ADC_Enable        stm32f1xx_hal_adc.o
    0x08000740   0x08000740   0x00000004   Code   RO          617    i.BusFault_Handler  stm32f1xx_it.o
    0x08000744   0x08000744   0x00000010   Code   RO          618    i.DMA1_Channel1_IRQHandler  stm32f1xx_it.o
    0x08000754   0x08000754   0x0000002c   Code   RO         1467    i.DMA_SetConfig     stm32f1xx_hal_dma.o
    0x08000780   0x08000780   0x00000002   Code   RO          619    i.DebugMon_Handler  stm32f1xx_it.o
    0x08000782   0x08000782   0x00000002   Code   RO           13    i.Error_Handler     main.o
    0x08000784   0x08000784   0x00000104   Code   RO          988    i.HAL_ADCEx_Calibration_Start  stm32f1xx_hal_adc_ex.o
    0x08000888   0x08000888   0x00000160   Code   RO          814    i.HAL_ADC_ConfigChannel  stm32f1xx_hal_adc.o
    0x080009e8   0x080009e8   0x00000048   Code   RO          354    i.HAL_ADC_ConvCpltCallback  freertos.o
    0x08000a30   0x08000a30   0x00000002   Code   RO          816    i.HAL_ADC_ConvHalfCpltCallback  stm32f1xx_hal_adc.o
    0x08000a32   0x08000a32   0x00000002   Code   RO          818    i.HAL_ADC_ErrorCallback  stm32f1xx_hal_adc.o
    0x08000a34   0x08000a34   0x00000160   Code   RO          823    i.HAL_ADC_Init      stm32f1xx_hal_adc.o
    0x08000b94   0x08000b94   0x000000b0   Code   RO          286    i.HAL_ADC_MspInit   adc.o
    0x08000c44   0x08000c44   0x00000180   Code   RO          830    i.HAL_ADC_Start_DMA  stm32f1xx_hal_adc.o
    0x08000dc4   0x08000dc4   0x000001a8   Code   RO         1469    i.HAL_DMA_Abort_IT  stm32f1xx_hal_dma.o
    0x08000f6c   0x08000f6c   0x00000398   Code   RO         1473    i.HAL_DMA_IRQHandler  stm32f1xx_hal_dma.o
    0x08001304   0x08001304   0x0000008c   Code   RO         1474    i.HAL_DMA_Init      stm32f1xx_hal_dma.o
    0x08001390   0x08001390   0x0000009c   Code   RO         1478    i.HAL_DMA_Start_IT  stm32f1xx_hal_dma.o
    0x0800142c   0x0800142c   0x00000340   Code   RO         1404    i.HAL_GPIO_Init     stm32f1xx_hal_gpio.o
    0x0800176c   0x0800176c   0x00000010   Code   RO         1406    i.HAL_GPIO_ReadPin  stm32f1xx_hal_gpio.o
    0x0800177c   0x0800177c   0x0000000c   Code   RO         1408    i.HAL_GPIO_WritePin  stm32f1xx_hal_gpio.o
    0x08001788   0x08001788   0x0000000c   Code   RO         1095    i.HAL_GetTick       stm32f1xx_hal.o
    0x08001794   0x08001794   0x00000018   Code   RO         1101    i.HAL_IncTick       stm32f1xx_hal.o
    0x080017ac   0x080017ac   0x00000028   Code   RO         1102    i.HAL_Init          stm32f1xx_hal.o
    0x080017d4   0x080017d4   0x00000088   Code   RO          733    i.HAL_InitTick      stm32f1xx_hal_timebase_tim.o
    0x0800185c   0x0800185c   0x00000060   Code   RO          707    i.HAL_MspInit       stm32f1xx_hal_msp.o
    0x080018bc   0x080018bc   0x00000020   Code   RO         1564    i.HAL_NVIC_EnableIRQ  stm32f1xx_hal_cortex.o
    0x080018dc   0x080018dc   0x0000007c   Code   RO         1570    i.HAL_NVIC_SetPriority  stm32f1xx_hal_cortex.o
    0x08001958   0x08001958   0x00000028   Code   RO         1571    i.HAL_NVIC_SetPriorityGrouping  stm32f1xx_hal_cortex.o
    0x08001980   0x08001980   0x00000134   Code   RO         1366    i.HAL_RCCEx_GetPeriphCLKFreq  stm32f1xx_hal_rcc_ex.o
    0x08001ab4   0x08001ab4   0x00000130   Code   RO         1367    i.HAL_RCCEx_PeriphCLKConfig  stm32f1xx_hal_rcc_ex.o
    0x08001be4   0x08001be4   0x00000002   Code   RO         1258    i.HAL_RCC_CSSCallback  stm32f1xx_hal_rcc.o
    0x08001be6   0x08001be6   0x00000002   PAD
    0x08001be8   0x08001be8   0x0000018c   Code   RO         1259    i.HAL_RCC_ClockConfig  stm32f1xx_hal_rcc.o
    0x08001d74   0x08001d74   0x0000000c   Code   RO         1262    i.HAL_RCC_EnableCSS  stm32f1xx_hal_rcc.o
    0x08001d80   0x08001d80   0x00000044   Code   RO         1263    i.HAL_RCC_GetClockConfig  stm32f1xx_hal_rcc.o
    0x08001dc4   0x08001dc4   0x0000000c   Code   RO         1264    i.HAL_RCC_GetHCLKFreq  stm32f1xx_hal_rcc.o
    0x08001dd0   0x08001dd0   0x00000020   Code   RO         1266    i.HAL_RCC_GetPCLK1Freq  stm32f1xx_hal_rcc.o
    0x08001df0   0x08001df0   0x00000020   Code   RO         1267    i.HAL_RCC_GetPCLK2Freq  stm32f1xx_hal_rcc.o
    0x08001e10   0x08001e10   0x00000094   Code   RO         1268    i.HAL_RCC_GetSysClockFreq  stm32f1xx_hal_rcc.o
    0x08001ea4   0x08001ea4   0x00000020   Code   RO         1270    i.HAL_RCC_NMI_IRQHandler  stm32f1xx_hal_rcc.o
    0x08001ec4   0x08001ec4   0x00000464   Code   RO         1271    i.HAL_RCC_OscConfig  stm32f1xx_hal_rcc.o
    0x08002328   0x08002328   0x00000002   Code   RO         2778    i.HAL_TIMEx_BreakCallback  stm32f1xx_hal_tim_ex.o
    0x0800232a   0x0800232a   0x00000002   Code   RO         2779    i.HAL_TIMEx_CommutCallback  stm32f1xx_hal_tim_ex.o
    0x0800232c   0x0800232c   0x00000054   Code   RO         2796    i.HAL_TIMEx_MasterConfigSynchronization  stm32f1xx_hal_tim_ex.o
    0x08002380   0x08002380   0x00000034   Code   RO         2092    i.HAL_TIM_Base_Init  stm32f1xx_hal_tim.o
    0x080023b4   0x080023b4   0x0000007c   Code   RO          502    i.HAL_TIM_Base_MspInit  tim.o
    0x08002430   0x08002430   0x0000002a   Code   RO         2097    i.HAL_TIM_Base_Start_IT  stm32f1xx_hal_tim.o
    0x0800245a   0x0800245a   0x00000038   Code   RO         2100    i.HAL_TIM_Base_Stop_IT  stm32f1xx_hal_tim.o
    0x08002492   0x08002492   0x00000108   Code   RO         2101    i.HAL_TIM_ConfigClockSource  stm32f1xx_hal_tim.o
    0x0800259a   0x0800259a   0x00000002   Code   RO         2121    i.HAL_TIM_IC_CaptureCallback  stm32f1xx_hal_tim.o
    0x0800259c   0x0800259c   0x00000196   Code   RO         2135    i.HAL_TIM_IRQHandler  stm32f1xx_hal_tim.o
    0x08002732   0x08002732   0x00000002   PAD
    0x08002734   0x08002734   0x00000074   Code   RO          503    i.HAL_TIM_MspPostInit  tim.o
    0x080027a8   0x080027a8   0x00000002   Code   RO         2138    i.HAL_TIM_OC_DelayElapsedCallback  stm32f1xx_hal_tim.o
    0x080027aa   0x080027aa   0x00000108   Code   RO         2159    i.HAL_TIM_PWM_ConfigChannel  stm32f1xx_hal_tim.o
    0x080028b2   0x080028b2   0x00000034   Code   RO         2162    i.HAL_TIM_PWM_Init  stm32f1xx_hal_tim.o
    0x080028e6   0x080028e6   0x00000002   PAD
    0x080028e8   0x080028e8   0x00000030   Code   RO          505    i.HAL_TIM_PWM_MspInit  tim.o
    0x08002918   0x08002918   0x00000002   Code   RO         2165    i.HAL_TIM_PWM_PulseFinishedCallback  stm32f1xx_hal_tim.o
    0x0800291a   0x0800291a   0x00000002   PAD
    0x0800291c   0x0800291c   0x00000058   Code   RO         2167    i.HAL_TIM_PWM_Start  stm32f1xx_hal_tim.o
    0x08002974   0x08002974   0x00000018   Code   RO           14    i.HAL_TIM_PeriodElapsedCallback  main.o
    0x0800298c   0x0800298c   0x00000002   Code   RO         2178    i.HAL_TIM_TriggerCallback  stm32f1xx_hal_tim.o
    0x0800298e   0x0800298e   0x00000002   Code   RO         3050    i.HAL_UART_ErrorCallback  stm32f1xx_hal_uart.o
    0x08002990   0x08002990   0x0000014c   Code   RO         3053    i.HAL_UART_IRQHandler  stm32f1xx_hal_uart.o
    0x08002adc   0x08002adc   0x00000072   Code   RO         3054    i.HAL_UART_Init     stm32f1xx_hal_uart.o
    0x08002b4e   0x08002b4e   0x00000002   PAD
    0x08002b50   0x08002b50   0x00000098   Code   RO          575    i.HAL_UART_MspInit  usart.o
    0x08002be8   0x08002be8   0x00000002   Code   RO         3060    i.HAL_UART_RxCpltCallback  stm32f1xx_hal_uart.o
    0x08002bea   0x08002bea   0x000000d6   Code   RO         3062    i.HAL_UART_Transmit  stm32f1xx_hal_uart.o
    0x08002cc0   0x08002cc0   0x00000002   Code   RO         3065    i.HAL_UART_TxCpltCallback  stm32f1xx_hal_uart.o
    0x08002cc2   0x08002cc2   0x00000004   Code   RO          620    i.HardFault_Handler  stm32f1xx_it.o
    0x08002cc6   0x08002cc6   0x00000002   PAD
    0x08002cc8   0x08002cc8   0x00000090   Code   RO          287    i.MX_ADC1_Init      adc.o
    0x08002d58   0x08002d58   0x00000034   Code   RO          328    i.MX_DMA_Init       dma.o
    0x08002d8c   0x08002d8c   0x00000118   Code   RO          355    i.MX_FREERTOS_Init  freertos.o
    0x08002ea4   0x08002ea4   0x00000114   Code   RO          259    i.MX_GPIO_Init      gpio.o
    0x08002fb8   0x08002fb8   0x0000007c   Code   RO          506    i.MX_TIM3_Init      tim.o
    0x08003034   0x08003034   0x0000006c   Code   RO          507    i.MX_TIM5_Init      tim.o
    0x080030a0   0x080030a0   0x00000048   Code   RO          508    i.MX_TIM6_Init      tim.o
    0x080030e8   0x080030e8   0x00000038   Code   RO          576    i.MX_USART1_UART_Init  usart.o
    0x08003120   0x08003120   0x00000004   Code   RO          621    i.MemManage_Handler  stm32f1xx_it.o
    0x08003124   0x08003124   0x00000030   Code   RO          356    i.ModBus_RTU        freertos.o
    0x08003154   0x08003154   0x00000008   Code   RO          622    i.NMI_Handler       stm32f1xx_it.o
    0x0800315c   0x0800315c   0x00000028   Code   RO         1272    i.RCC_Delay         stm32f1xx_hal_rcc.o
    0x08003184   0x08003184   0x000000a4   Code   RO          357    i.ServoSet          freertos.o
    0x08003228   0x08003228   0x0000031c   Code   RO          358    i.StartMainTask     freertos.o
    0x08003544   0x08003544   0x00000034   Code   RO         4737    i.SysTick_Handler   port.o
    0x08003578   0x08003578   0x00000086   Code   RO           15    i.SystemClock_Config  main.o
    0x080035fe   0x080035fe   0x00000002   PAD
    0x08003600   0x08003600   0x00000058   Code   RO         3361    i.SystemInit        system_stm32f1xx.o
    0x08003658   0x08003658   0x00000010   Code   RO          623    i.TIM5_IRQHandler   stm32f1xx_it.o
    0x08003668   0x08003668   0x0000004c   Code   RO          624    i.TIM6_IRQHandler   stm32f1xx_it.o
    0x080036b4   0x080036b4   0x00000010   Code   RO          625    i.TIM7_IRQHandler   stm32f1xx_it.o
    0x080036c4   0x080036c4   0x0000009c   Code   RO         2180    i.TIM_Base_SetConfig  stm32f1xx_hal_tim.o
    0x08003760   0x08003760   0x00000022   Code   RO         2181    i.TIM_CCxChannelCmd  stm32f1xx_hal_tim.o
    0x08003782   0x08003782   0x00000016   Code   RO         2191    i.TIM_ETR_SetConfig  stm32f1xx_hal_tim.o
    0x08003798   0x08003798   0x00000012   Code   RO         2192    i.TIM_ITRx_SetConfig  stm32f1xx_hal_tim.o
    0x080037aa   0x080037aa   0x00000002   PAD
    0x080037ac   0x080037ac   0x00000070   Code   RO         2193    i.TIM_OC1_SetConfig  stm32f1xx_hal_tim.o
    0x0800381c   0x0800381c   0x0000007c   Code   RO         2194    i.TIM_OC2_SetConfig  stm32f1xx_hal_tim.o
    0x08003898   0x08003898   0x00000078   Code   RO         2195    i.TIM_OC3_SetConfig  stm32f1xx_hal_tim.o
    0x08003910   0x08003910   0x00000054   Code   RO         2196    i.TIM_OC4_SetConfig  stm32f1xx_hal_tim.o
    0x08003964   0x08003964   0x00000026   Code   RO         2198    i.TIM_TI1_ConfigInputStage  stm32f1xx_hal_tim.o
    0x0800398a   0x0800398a   0x00000028   Code   RO         2200    i.TIM_TI2_ConfigInputStage  stm32f1xx_hal_tim.o
    0x080039b2   0x080039b2   0x00000014   Code   RO         3067    i.UART_DMAAbortOnError  stm32f1xx_hal_uart.o
    0x080039c6   0x080039c6   0x00000020   Code   RO         3077    i.UART_EndRxTransfer  stm32f1xx_hal_uart.o
    0x080039e6   0x080039e6   0x00000020   Code   RO         3078    i.UART_EndTransmit_IT  stm32f1xx_hal_uart.o
    0x08003a06   0x08003a06   0x000000a6   Code   RO         3080    i.UART_Receive_IT   stm32f1xx_hal_uart.o
    0x08003aac   0x08003aac   0x000001a0   Code   RO         3081    i.UART_SetConfig    stm32f1xx_hal_uart.o
    0x08003c4c   0x08003c4c   0x00000068   Code   RO         3082    i.UART_Transmit_IT  stm32f1xx_hal_uart.o
    0x08003cb4   0x08003cb4   0x0000006c   Code   RO         3083    i.UART_WaitOnFlagUntilTimeout  stm32f1xx_hal_uart.o
    0x08003d20   0x08003d20   0x00000074   Code   RO          626    i.USART1_IRQHandler  stm32f1xx_it.o
    0x08003d94   0x08003d94   0x00000004   Code   RO          627    i.UsageFault_Handler  stm32f1xx_it.o
    0x08003d98   0x08003d98   0x00000028   Code   RO         5399    i.__ARM_fpclassify  m_ws.l(fpclassify.o)
    0x08003dc0   0x08003dc0   0x00000010   Code   RO         1577    i.__NVIC_GetPriorityGrouping  stm32f1xx_hal_cortex.o
    0x08003dd0   0x08003dd0   0x00000028   Code   RO         1578    i.__NVIC_SetPriority  stm32f1xx_hal_cortex.o
    0x08003df8   0x08003df8   0x000000aa   Code   RO         5401    i.__kernel_poly     m_ws.l(poly.o)
    0x08003ea2   0x08003ea2   0x00000006   Code   RO         5386    i.__mathlib_dbl_infnan  m_ws.l(dunder.o)
    0x08003ea8   0x08003ea8   0x0000000e   Code   RO         5389    i.__mathlib_dbl_overflow  m_ws.l(dunder.o)
    0x08003eb6   0x08003eb6   0x00000002   PAD
    0x08003eb8   0x08003eb8   0x00000010   Code   RO         5391    i.__mathlib_dbl_underflow  m_ws.l(dunder.o)
    0x08003ec8   0x08003ec8   0x00000234   Code   RO          359    i.calibration       freertos.o
    0x080040fc   0x080040fc   0x00000028   Code   RO         4818    i.eMBEnable         mb.o
    0x08004124   0x08004124   0x000000ae   Code   RO         5112    i.eMBFuncReadCoils  mbfunccoils.o
    0x080041d2   0x080041d2   0x000000ac   Code   RO         5151    i.eMBFuncReadDiscreteInputs  mbfuncdisc.o
    0x0800427e   0x0800427e   0x0000008c   Code   RO         5175    i.eMBFuncReadHoldingRegister  mbfuncholding.o
    0x0800430a   0x0800430a   0x0000008c   Code   RO         5217    i.eMBFuncReadInputRegister  mbfuncinput.o
    0x08004396   0x08004396   0x000000d4   Code   RO         5176    i.eMBFuncReadWriteMultipleHoldingRegister  mbfuncholding.o
    0x0800446a   0x0800446a   0x00000002   PAD
    0x0800446c   0x0800446c   0x00000028   Code   RO         5241    i.eMBFuncReportSlaveID  mbfuncother.o
    0x08004494   0x08004494   0x00000070   Code   RO         5113    i.eMBFuncWriteCoil  mbfunccoils.o
    0x08004504   0x08004504   0x00000042   Code   RO         5177    i.eMBFuncWriteHoldingRegister  mbfuncholding.o
    0x08004546   0x08004546   0x00000090   Code   RO         5114    i.eMBFuncWriteMultipleCoils  mbfunccoils.o
    0x080045d6   0x080045d6   0x0000006e   Code   RO         5178    i.eMBFuncWriteMultipleHoldingRegister  mbfuncholding.o
    0x08004644   0x08004644   0x000000e0   Code   RO         4819    i.eMBInit           mb.o
    0x08004724   0x08004724   0x00000138   Code   RO         4820    i.eMBPoll           mb.o
    0x0800485c   0x0800485c   0x00000054   Code   RO         4888    i.eMBRTUInit        mbrtu.o
    0x080048b0   0x080048b0   0x000000c0   Code   RO         4889    i.eMBRTUReceive     mbrtu.o
    0x08004970   0x08004970   0x0000008c   Code   RO         4890    i.eMBRTUSend        mbrtu.o
    0x080049fc   0x080049fc   0x00000020   Code   RO         4891    i.eMBRTUStart       mbrtu.o
    0x08004a1c   0x08004a1c   0x00000014   Code   RO         4892    i.eMBRTUStop        mbrtu.o
    0x08004a30   0x08004a30   0x00000008   Code   RO          360    i.eMBRegCoilsCB     freertos.o
    0x08004a38   0x08004a38   0x00000006   Code   RO          361    i.eMBRegDiscreteCB  freertos.o
    0x08004a3e   0x08004a3e   0x00000002   PAD
    0x08004a40   0x08004a40   0x00000294   Code   RO          362    i.eMBRegHoldingCB   freertos.o
    0x08004cd4   0x08004cd4   0x00000048   Code   RO          363    i.eMBRegInputCB     freertos.o
    0x08004d1c   0x08004d1c   0x00000284   Code   RO         5350    i.exp               m_ws.l(exp.o)
    0x08004fa0   0x08004fa0   0x00000038   Code   RO           16    i.flash_erase_page  main.o
    0x08004fd8   0x08004fd8   0x00000014   Code   RO           17    i.flash_lock        main.o
    0x08004fec   0x08004fec   0x00000006   Code   RO           18    i.flash_read        main.o
    0x08004ff2   0x08004ff2   0x00000020   Code   RO           19    i.flash_read_d      main.o
    0x08005012   0x08005012   0x00000002   PAD
    0x08005014   0x08005014   0x00000014   Code   RO           20    i.flash_ready       main.o
    0x08005028   0x08005028   0x00000018   Code   RO           21    i.flash_unlock      main.o
    0x08005040   0x08005040   0x00000048   Code   RO           22    i.flash_write       main.o
    0x08005088   0x08005088   0x00000074   Code   RO           23    i.flash_write_d     main.o
    0x080050fc   0x080050fc   0x00000010   Code   RO         4318    i.inHandlerMode     cmsis_os.o
    0x0800510c   0x0800510c   0x00000060   Code   RO           24    i.main              main.o
    0x0800516c   0x0800516c   0x0000000e   Code   RO         4320    i.makeFreeRtosPriority  cmsis_os.o
    0x0800517a   0x0800517a   0x00000068   Code   RO          364    i.map               freertos.o
    0x080051e2   0x080051e2   0x00000018   Code   RO         4322    i.osDelay           cmsis_os.o
    0x080051fa   0x080051fa   0x0000000a   Code   RO         4325    i.osKernelStart     cmsis_os.o
    0x08005204   0x08005204   0x0000005e   Code   RO         4359    i.osThreadCreate    cmsis_os.o
    0x08005262   0x08005262   0x00000002   PAD
    0x08005264   0x08005264   0x0000004c   Code   RO         4370    i.osTimerCreate     cmsis_os.o
    0x080052b0   0x080052b0   0x00000068   Code   RO         4372    i.osTimerStart      cmsis_os.o
    0x08005318   0x08005318   0x0000005c   Code   RO         4373    i.osTimerStop       cmsis_os.o
    0x08005374   0x08005374   0x00000098   Code   RO         3869    i.prvAddCurrentTaskToDelayedList  tasks.o
    0x0800540c   0x0800540c   0x000000b4   Code   RO         3870    i.prvAddNewTaskToReadyList  tasks.o
    0x080054c0   0x080054c0   0x00000074   Code   RO         4179    i.prvCheckForValidListAndQueue  timers.o
    0x08005534   0x08005534   0x00000048   Code   RO         3871    i.prvCheckTasksWaitingTermination  tasks.o
    0x0800557c   0x0800557c   0x0000002a   Code   RO         3538    i.prvCopyDataFromQueue  queue.o
    0x080055a6   0x080055a6   0x0000007c   Code   RO         3539    i.prvCopyDataToQueue  queue.o
    0x08005622   0x08005622   0x00000050   Code   RO         3872    i.prvDeleteTCB      tasks.o
    0x08005672   0x08005672   0x00000002   PAD
    0x08005674   0x08005674   0x00000028   Code   RO         4180    i.prvGetNextExpireTime  timers.o
    0x0800569c   0x0800569c   0x0000007c   Code   RO         4687    i.prvHeapInit       heap_4.o
    0x08005718   0x08005718   0x00000028   Code   RO         3873    i.prvIdleTask       tasks.o
    0x08005740   0x08005740   0x00000026   Code   RO         3542    i.prvInitialiseNewQueue  queue.o
    0x08005766   0x08005766   0x000000aa   Code   RO         3874    i.prvInitialiseNewTask  tasks.o
    0x08005810   0x08005810   0x0000004e   Code   RO         4181    i.prvInitialiseNewTimer  timers.o
    0x0800585e   0x0800585e   0x00000002   PAD
    0x08005860   0x08005860   0x00000068   Code   RO         3875    i.prvInitialiseTaskLists  tasks.o
    0x080058c8   0x080058c8   0x00000068   Code   RO         4688    i.prvInsertBlockIntoFreeList  heap_4.o
    0x08005930   0x08005930   0x00000058   Code   RO         4182    i.prvInsertTimerInActiveList  timers.o
    0x08005988   0x08005988   0x0000001a   Code   RO         3543    i.prvIsQueueEmpty   queue.o
    0x080059a2   0x080059a2   0x0000001e   Code   RO         3544    i.prvIsQueueFull    queue.o
    0x080059c0   0x080059c0   0x00000064   Code   RO         4183    i.prvProcessExpiredTimer  timers.o
    0x08005a24   0x08005a24   0x000000fc   Code   RO         4184    i.prvProcessReceivedCommands  timers.o
    0x08005b20   0x08005b20   0x00000074   Code   RO         4185    i.prvProcessTimerOrBlockTask  timers.o
    0x08005b94   0x08005b94   0x00000034   Code   RO         3876    i.prvResetNextTaskUnblockTime  tasks.o
    0x08005bc8   0x08005bc8   0x0000002c   Code   RO         4186    i.prvSampleTimeNow  timers.o
    0x08005bf4   0x08005bf4   0x000000a0   Code   RO         4187    i.prvSwitchTimerLists  timers.o
    0x08005c94   0x08005c94   0x00000040   Code   RO         4738    i.prvTaskExitError  port.o
    0x08005cd4   0x08005cd4   0x0000001a   Code   RO         4188    i.prvTimerTask      timers.o
    0x08005cee   0x08005cee   0x0000007e   Code   RO         3545    i.prvUnlockQueue    queue.o
    0x08005d6c   0x08005d6c   0x00000022   Code   RO         5274    i.prveMBError2Exception  mbutils.o
    0x08005d8e   0x08005d8e   0x00000002   PAD
    0x08005d90   0x08005d90   0x0000013c   Code   RO         4689    i.pvPortMalloc      heap_4.o
    0x08005ecc   0x08005ecc   0x00000024   Code   RO         4739    i.pxPortInitialiseStack  port.o
    0x08005ef0   0x08005ef0   0x000000d0   Code   RO          365    i.readFlash         freertos.o
    0x08005fc0   0x08005fc0   0x000000d0   Code   RO          366    i.saveFlash         freertos.o
    0x08006090   0x08006090   0x00000038   Code   RO         4962    i.usMBCRC16         mbcrc.o
    0x080060c8   0x080060c8   0x00000028   Code   RO         3498    i.uxListRemove      list.o
    0x080060f0   0x080060f0   0x00000018   Code   RO          367    i.vApplicationGetIdleTaskMemory  freertos.o
    0x08006108   0x08006108   0x00000018   Code   RO          368    i.vApplicationGetTimerTaskMemory  freertos.o
    0x08006120   0x08006120   0x0000001a   Code   RO         3499    i.vListInitialise   list.o
    0x0800613a   0x0800613a   0x00000006   Code   RO         3500    i.vListInitialiseItem  list.o
    0x08006140   0x08006140   0x00000034   Code   RO         3501    i.vListInsert       list.o
    0x08006174   0x08006174   0x00000018   Code   RO         3502    i.vListInsertEnd    list.o
    0x0800618c   0x0800618c   0x00000080   Code   RO         5026    i.vMBPortSerialEnable  portserial.o
    0x0800620c   0x0800620c   0x00000010   Code   RO         5072    i.vMBPortTimersDisable  porttimer.o
    0x0800621c   0x0800621c   0x00000020   Code   RO         5073    i.vMBPortTimersEnable  porttimer.o
    0x0800623c   0x0800623c   0x00000054   Code   RO         4741    i.vPortEnterCritical  port.o
    0x08006290   0x08006290   0x0000003c   Code   RO         4742    i.vPortExitCritical  port.o
    0x080062cc   0x080062cc   0x00000094   Code   RO         4690    i.vPortFree         heap_4.o
    0x08006360   0x08006360   0x00000028   Code   RO         4743    i.vPortSetupTimerInterrupt  port.o
    0x08006388   0x08006388   0x00000078   Code   RO         4744    i.vPortValidateInterruptPriority  port.o
    0x08006400   0x08006400   0x0000002c   Code   RO         3549    i.vQueueAddToRegistry  queue.o
    0x0800642c   0x0800642c   0x0000004a   Code   RO         3552    i.vQueueWaitForMessageRestricted  queue.o
    0x08006476   0x08006476   0x00000002   PAD
    0x08006478   0x08006478   0x0000005c   Code   RO         3884    i.vTaskDelay        tasks.o
    0x080064d4   0x080064d4   0x00000018   Code   RO         3887    i.vTaskInternalSetTimeOutState  tasks.o
    0x080064ec   0x080064ec   0x0000000c   Code   RO         3888    i.vTaskMissedYield  tasks.o
    0x080064f8   0x080064f8   0x00000038   Code   RO         3890    i.vTaskPlaceOnEventList  tasks.o
    0x08006530   0x08006530   0x00000040   Code   RO         3891    i.vTaskPlaceOnEventListRestricted  tasks.o
    0x08006570   0x08006570   0x000000b8   Code   RO         3898    i.vTaskStartScheduler  tasks.o
    0x08006628   0x08006628   0x00000010   Code   RO         3900    i.vTaskSuspendAll   tasks.o
    0x08006638   0x08006638   0x0000008c   Code   RO         3901    i.vTaskSwitchContext  tasks.o
    0x080066c4   0x080066c4   0x00000024   Code   RO         4988    i.xMBPortEventGet   portevent.o
    0x080066e8   0x080066e8   0x00000010   Code   RO         4989    i.xMBPortEventInit  portevent.o
    0x080066f8   0x080066f8   0x00000018   Code   RO         4990    i.xMBPortEventPost  portevent.o
    0x08006710   0x08006710   0x00000014   Code   RO         5027    i.xMBPortSerialGetByte  portserial.o
    0x08006724   0x08006724   0x00000088   Code   RO         5028    i.xMBPortSerialInit  portserial.o
    0x080067ac   0x080067ac   0x00000020   Code   RO         5029    i.xMBPortSerialPutByte  portserial.o
    0x080067cc   0x080067cc   0x00000060   Code   RO         5074    i.xMBPortTimersInit  porttimer.o
    0x0800682c   0x0800682c   0x000000e8   Code   RO         4893    i.xMBRTUReceiveFSM  mbrtu.o
    0x08006914   0x08006914   0x00000098   Code   RO         4894    i.xMBRTUTimerT35Expired  mbrtu.o
    0x080069ac   0x080069ac   0x000000d0   Code   RO         4895    i.xMBRTUTransmitFSM  mbrtu.o
    0x08006a7c   0x08006a7c   0x000000f8   Code   RO         4745    i.xPortStartScheduler  port.o
    0x08006b74   0x08006b74   0x000000de   Code   RO         3556    i.xQueueGenericCreateStatic  queue.o
    0x08006c52   0x08006c52   0x00000002   PAD
    0x08006c54   0x08006c54   0x00000098   Code   RO         3557    i.xQueueGenericReset  queue.o
    0x08006cec   0x08006cec   0x000001a8   Code   RO         3558    i.xQueueGenericSend  queue.o
    0x08006e94   0x08006e94   0x000000f8   Code   RO         3559    i.xQueueGenericSendFromISR  queue.o
    0x08006f8c   0x08006f8c   0x00000168   Code   RO         3565    i.xQueueReceive     queue.o
    0x080070f4   0x080070f4   0x0000008c   Code   RO         3902    i.xTaskCheckForTimeOut  tasks.o
    0x08007180   0x08007180   0x00000064   Code   RO         3903    i.xTaskCreate       tasks.o
    0x080071e4   0x080071e4   0x000000b8   Code   RO         3904    i.xTaskCreateStatic  tasks.o
    0x0800729c   0x0800729c   0x00000020   Code   RO         3908    i.xTaskGetSchedulerState  tasks.o
    0x080072bc   0x080072bc   0x0000000c   Code   RO         3909    i.xTaskGetTickCount  tasks.o
    0x080072c8   0x080072c8   0x00000148   Code   RO         3911    i.xTaskIncrementTick  tasks.o
    0x08007410   0x08007410   0x000000c8   Code   RO         3914    i.xTaskPriorityDisinherit  tasks.o
    0x080074d8   0x080074d8   0x00000098   Code   RO         3916    i.xTaskRemoveFromEventList  tasks.o
    0x08007570   0x08007570   0x00000104   Code   RO         3917    i.xTaskResumeAll    tasks.o
    0x08007674   0x08007674   0x00000036   Code   RO         4191    i.xTimerCreate      timers.o
    0x080076aa   0x080076aa   0x00000070   Code   RO         4192    i.xTimerCreateStatic  timers.o
    0x0800771a   0x0800771a   0x00000002   PAD
    0x0800771c   0x0800771c   0x00000078   Code   RO         4193    i.xTimerCreateTimerTask  timers.o
    0x08007794   0x08007794   0x00000084   Code   RO         4194    i.xTimerGenericCommand  timers.o
    0x08007818   0x08007818   0x00000150   Code   RO         5325    x$fpl$dadd          fz_ws.l(daddsub_clz.o)
    0x08007968   0x08007968   0x00000010   Code   RO         5432    x$fpl$dcheck1       fz_ws.l(dcheck1.o)
    0x08007978   0x08007978   0x00000018   Code   RO         5368    x$fpl$dcmpinf       fz_ws.l(dcmpi.o)
    0x08007990   0x08007990   0x000002b0   Code   RO         5332    x$fpl$ddiv          fz_ws.l(ddiv.o)
    0x08007c40   0x08007c40   0x00000078   Code   RO         5335    x$fpl$deqf          fz_ws.l(deqf.o)
    0x08007cb8   0x08007cb8   0x0000005e   Code   RO         5370    x$fpl$dfix          fz_ws.l(dfix.o)
    0x08007d16   0x08007d16   0x00000002   PAD
    0x08007d18   0x08007d18   0x0000005a   Code   RO         5337    x$fpl$dfixu         fz_ws.l(dfixu.o)
    0x08007d72   0x08007d72   0x0000002e   Code   RO         5342    x$fpl$dflt          fz_ws.l(dflt_clz.o)
    0x08007da0   0x08007da0   0x00000026   Code   RO         5341    x$fpl$dfltu         fz_ws.l(dflt_clz.o)
    0x08007dc6   0x08007dc6   0x00000002   PAD
    0x08007dc8   0x08007dc8   0x00000078   Code   RO         5374    x$fpl$dleqf         fz_ws.l(dleqf.o)
    0x08007e40   0x08007e40   0x00000154   Code   RO         5347    x$fpl$dmul          fz_ws.l(dmul.o)
    0x08007f94   0x08007f94   0x0000009c   Code   RO         5376    x$fpl$dnaninf       fz_ws.l(dnaninf.o)
    0x08008030   0x08008030   0x0000000c   Code   RO         5378    x$fpl$dretinf       fz_ws.l(dretinf.o)
    0x0800803c   0x0800803c   0x0000006c   Code   RO         5380    x$fpl$drleqf        fz_ws.l(drleqf.o)
    0x080080a8   0x080080a8   0x00000016   Code   RO         5326    x$fpl$drsb          fz_ws.l(daddsub_clz.o)
    0x080080be   0x080080be   0x00000002   PAD
    0x080080c0   0x080080c0   0x000001d4   Code   RO         5327    x$fpl$dsub          fz_ws.l(daddsub_clz.o)
    0x08008294   0x08008294   0x00000064   Code   RO         5456    x$fpl$retnan        fz_ws.l(retnan.o)
    0x080082f8   0x080082f8   0x0000005c   Code   RO         5382    x$fpl$scalbn        fz_ws.l(scalbn.o)
    0x08008354   0x08008354   0x00000030   Code   RO         5509    x$fpl$trapveneer    fz_ws.l(trapv.o)
    0x08008384   0x08008384   0x00000000   Code   RO         5384    x$fpl$usenofp       fz_ws.l(usenofp.o)
    0x08008384   0x08008384   0x00000040   Data   RO          370    .constdata          freertos.o
    0x080083c4   0x080083c4   0x00000018   Data   RO         3362    .constdata          system_stm32f1xx.o
    0x080083dc   0x080083dc   0x00000200   Data   RO         4963    .constdata          mbcrc.o
    0x080085dc   0x080085dc   0x00000004   PAD
    0x080085e0   0x080085e0   0x00000058   Data   RO         5351    .constdata          m_ws.l(exp.o)
    0x08008638   0x08008638   0x00000013   Data   RO          371    .conststring        freertos.o
    0x0800864b   0x0800864b   0x00000001   PAD
    0x0800864c   0x0800864c   0x00000063   Data   RO         4897    .conststring        mbrtu.o
    0x080086af   0x080086af   0x00000001   PAD
    0x080086b0   0x080086b0   0x00000020   Data   RO         5571    Region$$Table       anon$$obj.o


    Execution Region RW_IRAM1 (Exec base: 0x20000000, Load base: 0x080086d0, Size: 0x000068e8, Max: 0x0000c000, ABSOLUTE, COMPRESSED[0x00000084])

    Exec Addr    Load Addr    Size         Type   Attr      Idx    E Section Name        Object

    0x20000000   COMPRESSED   0x00000008   Data   RW           25    .data               main.o
    0x20000008   COMPRESSED   0x0000008c   Data   RW          372    .data               freertos.o
    0x20000094   COMPRESSED   0x00000009   Data   RW         1109    .data               stm32f1xx_hal.o
    0x2000009d   COMPRESSED   0x00000003   PAD
    0x200000a0   COMPRESSED   0x00000004   Data   RW         3363    .data               system_stm32f1xx.o
    0x200000a4   COMPRESSED   0x0000003c   Data   RW         3920    .data               tasks.o
    0x200000e0   COMPRESSED   0x00000014   Data   RW         4200    .data               timers.o
    0x200000f4   COMPRESSED   0x00000018   Data   RW         4695    .data               heap_4.o
    0x2000010c   COMPRESSED   0x0000000c   Data   RW         4746    .data               port.o
    0x20000118   COMPRESSED   0x000000b5   Data   RW         4822    .data               mb.o
    0x200001cd   COMPRESSED   0x00000003   PAD
    0x200001d0   COMPRESSED   0x0000000c   Data   RW         4898    .data               mbrtu.o
    0x200001dc   COMPRESSED   0x00000002   Data   RW         4991    .data               portevent.o
    0x200001de   COMPRESSED   0x00000002   PAD
    0x200001e0   COMPRESSED   0x0000000c   Data   RW         5030    .data               portserial.o
    0x200001ec   COMPRESSED   0x00000004   Data   RW         5075    .data               porttimer.o
    0x200001f0   COMPRESSED   0x00000002   Data   RW         5244    .data               mbfuncother.o
    0x200001f2   COMPRESSED   0x00000002   PAD
    0x200001f4        -       0x00000074   Zero   RW          288    .bss                adc.o
    0x20000268        -       0x00000ba8   Zero   RW          369    .bss                freertos.o
    0x20000e10        -       0x000000c0   Zero   RW          509    .bss                tim.o
    0x20000ed0        -       0x00000040   Zero   RW          577    .bss                usart.o
    0x20000f10        -       0x00000040   Zero   RW          736    .bss                stm32f1xx_hal_timebase_tim.o
    0x20000f50        -       0x00000040   Zero   RW         3568    .bss                queue.o
    0x20000f90        -       0x000000f0   Zero   RW         3919    .bss                tasks.o
    0x20001080        -       0x000000e8   Zero   RW         4199    .bss                timers.o
    0x20001168        -       0x00005000   Zero   RW         4694    .bss                heap_4.o
    0x20006168        -       0x00000100   Zero   RW         4896    .bss                mbrtu.o
    0x20006268        -       0x00000020   Zero   RW         5243    .bss                mbfuncother.o
    0x20006288        -       0x00000060   Zero   RW         5435    .bss                c_w.l(libspace.o)
    0x200062e8        -       0x00000200   Zero   RW            2    HEAP                startup_stm32f103xe.o
    0x200064e8        -       0x00000400   Zero   RW            1    STACK               startup_stm32f103xe.o


==============================================================================

Image component sizes


      Code (inc. data)   RO Data    RW Data    ZI Data      Debug   Object Name

       320         32          0          0        116       1779   adc.o
       430         12          0          0          0      28508   cmsis_os.o
        52          4          0          0          0        726   dma.o
         0          0          0          0          0      18176   event_groups.o
      3238        574         83        140       2984      41712   freertos.o
       276         18          0          0          0        983   gpio.o
       692         62          0         24      20480       4683   heap_4.o
       148          0          0          0          0       3434   list.o
       602         58          0          8          0     542647   main.o
       576        126          0        181          0       4952   mb.o
        56          8        512          0          0       1324   mbcrc.o
       430          0          0          0          0       3954   mbfunccoils.o
       172          0          0          0          0       1708   mbfuncdisc.o
       528          0          0          0          0       5219   mbfuncholding.o
       140          0          0          0          0       1659   mbfuncinput.o
        40         10          0          2         32       1507   mbfuncother.o
      1060        368         99         12        256       6563   mbrtu.o
        34          0          0          0          0        616   mbutils.o
       854         78          0         12          0      11273   port.o
        76         24          0          2          0       2320   portevent.o
       316         30          0         12          0       3422   portserial.o
       144         38          0          4          0       2031   porttimer.o
      1910         20          0          0         64      14256   queue.o
        64         26        304          0       1536        812   startup_stm32f103xe.o
        76         20          0          9          0       5250   stm32f1xx_hal.o
      1432         58          0          0          0       7799   stm32f1xx_hal_adc.o
       260          4          0          0          0       1454   stm32f1xx_hal_adc_ex.o
       252         22          0          0          0      28686   stm32f1xx_hal_cortex.o
      1684         28          0          0          0       4630   stm32f1xx_hal_dma.o
       860         40          0          0          0       3339   stm32f1xx_hal_gpio.o
        96         10          0          0          0        874   stm32f1xx_hal_msp.o
      1898        130          0          0          0       8188   stm32f1xx_hal_rcc.o
       612         46          0          0          0       2429   stm32f1xx_hal_rcc_ex.o
      1980         66          0          0          0      15409   stm32f1xx_hal_tim.o
        88          0          0          0          0       2365   stm32f1xx_hal_tim_ex.o
       136         18          0          0         64       1447   stm32f1xx_hal_timebase_tim.o
      1544         10          0          0          0       9283   stm32f1xx_hal_uart.o
       266         44          0          0          0       5711   stm32f1xx_it.o
         0          0          0          0          0        392   stream_buffer.o
        88         18         24          4          0       1163   system_stm32f1xx.o
      2846        348          0         60        240      23694   tasks.o
       592         62          0          0        192       4044   tim.o
      1438        126          0         20        232      29979   timers.o
       208         24          0          0         64       1658   usart.o

    ----------------------------------------------------------------------
     28554       2562       1060        500      26260     862058   Object Totals
         0          0         32          0          0          0   (incl. Generated)
        40          0          6         10          0          0   (incl. Padding)

    ----------------------------------------------------------------------

      Code (inc. data)   RO Data    RW Data    ZI Data      Debug   Library Member Name

        90          0          0          0          0          0   __dczerorl2.o
         8          0          0          0          0         68   __main.o
         0          0          0          0          0          0   __rtentry.o
        12          0          0          0          0          0   __rtentry2.o
         6          0          0          0          0          0   __rtentry4.o
        52          8          0          0          0          0   __scatter.o
        28          0          0          0          0          0   __scatter_zi.o
        22          0          0          0          0        100   _rserrno.o
        22          0          0          0          0         80   abort.o
       128         42          0          0          0         76   assert.o
        20          0          0          0          0         76   assert_puts.o
        48         34          0          0          0         76   defsig_abrt_inner.o
        14          0          0          0          0         80   defsig_abrt_outer.o
        10          0          0          0          0         68   defsig_exit.o
        50          0          0          0          0         88   defsig_general.o
        18          0          0          0          0         80   exit.o
         6          0          0          0          0        152   heapauxi.o
         0          0          0          0          0          0   indicate_semi.o
         2          0          0          0          0          0   libinit.o
         2          0          0          0          0          0   libinit2.o
         2          0          0          0          0          0   libshutdown.o
         2          0          0          0          0          0   libshutdown2.o
         8          4          0          0         96         68   libspace.o
         8          4          0          0          0         68   rt_errno_addr_intlibspace.o
        78          0          0          0          0         80   rt_memclr_w.o
       138          0          0          0          0         68   rt_memcpy_v6.o
       100          0          0          0          0         80   rt_memcpy_w.o
         2          0          0          0          0          0   rtexit.o
        10          0          0          0          0          0   rtexit2.o
        12          4          0          0          0         68   sys_exit.o
        74          0          0          0          0         80   sys_stackheap_outer.o
        14          0          0          0          0         76   sys_wrch.o
         2          0          0          0          0         68   use_no_semi.o
       826         16          0          0          0        348   daddsub_clz.o
        16          4          0          0          0         68   dcheck1.o
        24          0          0          0          0         68   dcmpi.o
       688        140          0          0          0        208   ddiv.o
       120          4          0          0          0         92   deqf.o
        94          4          0          0          0         92   dfix.o
        90          4          0          0          0         92   dfixu.o
        84          0          0          0          0        136   dflt_clz.o
       120          4          0          0          0         92   dleqf.o
       340         12          0          0          0        104   dmul.o
       156          4          0          0          0         92   dnaninf.o
        12          0          0          0          0         68   dretinf.o
       108          0          0          0          0         80   drleqf.o
       100          0          0          0          0         68   retnan.o
        92          0          0          0          0         68   scalbn.o
        48          0          0          0          0         68   trapv.o
         0          0          0          0          0          0   usenofp.o
        36          6          0          0          0        204   dunder.o
       644         90         88          0          0        204   exp.o
        40          0          0          0          0         68   fpclassify.o
       170          0          0          0          0         96   poly.o

    ----------------------------------------------------------------------
      4810        384         88          0         96       3916   Library Totals
        14          0          0          0          0          0   (incl. Padding)

    ----------------------------------------------------------------------

      Code (inc. data)   RO Data    RW Data    ZI Data      Debug   Library Name

       988         96          0          0         96       1600   c_w.l
      2918        192          0          0          0       1744   fz_ws.l
       890         96         88          0          0        572   m_ws.l

    ----------------------------------------------------------------------
      4810        384         88          0         96       3916   Library Totals

    ----------------------------------------------------------------------

==============================================================================


      Code (inc. data)   RO Data    RW Data    ZI Data      Debug   

     33364       2946       1148        500      26356     851514   Grand Totals
     33364       2946       1148        132      26356     851514   ELF Image Totals (compressed)
     33364       2946       1148        132          0          0   ROM Totals

==============================================================================

    Total RO  Size (Code + RO Data)                34512 (  33.70kB)
    Total RW  Size (RW Data + ZI Data)             26856 (  26.23kB)
    Total ROM Size (Code + RO Data + RW Data)      34644 (  33.83kB)

==============================================================================

